[2025-10-10 22:57:59,343] INFO: Log file: aad_baseline_1s/aad_baseline_1s.log
[2025-10-10 22:57:59,343] INFO: Data dir : /home/naren-root/KUL/DATA_preproc
[2025-10-10 22:57:59,343] INFO: Out dir  : aad_baseline_1s
[2025-10-10 22:57:59,343] INFO: Device   : cuda | torch 2.7.1+cu128 | build_cuda=12.8
[2025-10-10 22:57:59,344] INFO: === Subject 1 → aad_baseline_1s/s1 ===
[2025-10-10 22:58:49,351] INFO: Log file: aad_baseline_1s/aad_baseline_1s.log
[2025-10-10 22:58:49,351] INFO: Data dir : /home/naren-root/KUL/DATA_preproc
[2025-10-10 22:58:49,351] INFO: Out dir  : aad_baseline_1s
[2025-10-10 22:58:49,351] INFO: Device   : cuda | torch 2.7.1+cu128 | build_cuda=12.8
[2025-10-10 22:58:49,351] INFO: === Subject 1 → aad_baseline_1s/s1 ===
[2025-10-10 22:58:53,053] INFO: S01 Ep01 | train 0.6379 acc=0.687 | val 0.6125 acc=0.702 | 2.3s
[2025-10-10 22:58:54,723] INFO: S01 Ep02 | train 0.6153 acc=0.688 | val 0.6031 acc=0.702 | 1.7s
[2025-10-10 22:58:56,358] INFO: S01 Ep03 | train 0.6070 acc=0.687 | val 0.5934 acc=0.702 | 1.6s
[2025-10-10 22:58:57,989] INFO: S01 Ep04 | train 0.5938 acc=0.689 | val 0.5903 acc=0.706 | 1.6s
[2025-10-10 22:58:59,511] INFO: S01 Ep05 | train 0.5590 acc=0.717 | val 0.5620 acc=0.716 | 1.5s
[2025-10-10 22:59:26,419] INFO: Log file: aad_baseline_1s/aad_baseline_1s.log
[2025-10-10 22:59:26,419] INFO: Data dir : /home/naren-root/KUL/DATA_preproc
[2025-10-10 22:59:26,419] INFO: Out dir  : aad_baseline_1s
[2025-10-10 22:59:26,419] INFO: Device   : cuda | torch 2.7.1+cu128 | build_cuda=12.8
[2025-10-10 22:59:26,419] INFO: === Subject 1 → aad_baseline_1s/s1 ===
[2025-10-10 22:59:29,060] INFO: S01 Ep01 | train 0.6386 acc=0.688 | val 0.6099 acc=0.702 | 1.5s
[2025-10-10 22:59:30,453] INFO: S01 Ep02 | train 0.6166 acc=0.688 | val 0.6031 acc=0.702 | 1.4s
[2025-10-10 22:59:32,086] INFO: S01 Ep03 | train 0.6113 acc=0.688 | val 0.5991 acc=0.701 | 1.6s
[2025-10-10 22:59:33,740] INFO: S01 Ep04 | train 0.5992 acc=0.688 | val 0.6157 acc=0.702 | 1.6s
[2025-10-10 22:59:35,328] INFO: S01 Ep05 | train 0.5783 acc=0.705 | val 0.5754 acc=0.722 | 1.6s
[2025-10-10 22:59:36,572] INFO: S01 Ep06 | train 0.5196 acc=0.746 | val 0.5236 acc=0.748 | 1.2s
[2025-10-10 22:59:37,819] INFO: S01 Ep07 | train 0.4788 acc=0.773 | val 0.5474 acc=0.732 | 1.2s
[2025-10-10 22:59:39,161] INFO: S01 Ep08 | train 0.4509 acc=0.798 | val 0.4955 acc=0.758 | 1.3s
[2025-10-10 22:59:40,590] INFO: S01 Ep09 | train 0.4138 acc=0.813 | val 0.4828 acc=0.785 | 1.4s
[2025-10-10 22:59:42,238] INFO: S01 Ep10 | train 0.3823 acc=0.832 | val 0.5233 acc=0.741 | 1.6s
[2025-10-10 22:59:43,855] INFO: S01 Ep11 | train 0.3446 acc=0.852 | val 0.4970 acc=0.769 | 1.6s
[2025-10-10 22:59:45,446] INFO: S01 Ep12 | train 0.3138 acc=0.864 | val 0.5993 acc=0.716 | 1.6s
[2025-10-10 22:59:47,047] INFO: S01 Ep13 | train 0.2822 acc=0.886 | val 0.4670 acc=0.813 | 1.6s
[2025-10-10 22:59:48,519] INFO: S01 Ep14 | train 0.2458 acc=0.897 | val 0.7345 acc=0.746 | 1.5s
[2025-10-10 22:59:49,831] INFO: S01 Ep15 | train 0.2128 acc=0.919 | val 0.6372 acc=0.789 | 1.3s
[2025-10-10 22:59:51,081] INFO: S01 Ep16 | train 0.1939 acc=0.926 | val 0.6559 acc=0.800 | 1.2s
[2025-10-10 22:59:52,527] INFO: S01 Ep17 | train 0.1504 acc=0.946 | val 0.8419 acc=0.817 | 1.4s
[2025-10-10 22:59:53,828] INFO: S01 Ep18 | train 0.1399 acc=0.953 | val 1.0101 acc=0.793 | 1.3s
[2025-10-10 22:59:55,387] INFO: S01 Ep19 | train 0.1210 acc=0.960 | val 1.0021 acc=0.793 | 1.6s
[2025-10-10 22:59:56,699] INFO: S01 Ep20 | train 0.1196 acc=0.963 | val 0.9847 acc=0.809 | 1.3s
[2025-10-10 22:59:58,162] INFO: S01 Ep21 | train 0.0922 acc=0.969 | val 1.3736 acc=0.798 | 1.5s
[2025-10-10 22:59:59,475] INFO: S01 Ep22 | train 0.1112 acc=0.970 | val 1.3140 acc=0.796 | 1.3s
[2025-10-10 23:00:00,722] INFO: S01 Ep23 | train 0.0951 acc=0.975 | val 1.1937 acc=0.823 | 1.2s
[2025-10-10 23:00:01,966] INFO: S01 Ep24 | train 0.0756 acc=0.976 | val 1.3094 acc=0.820 | 1.2s
[2025-10-10 23:00:03,209] INFO: S01 Ep25 | train 0.0722 acc=0.980 | val 2.3106 acc=0.738 | 1.2s
[2025-10-10 23:00:04,459] INFO: S01 Ep26 | train 0.0689 acc=0.981 | val 1.5877 acc=0.817 | 1.2s
[2025-10-10 23:00:05,753] INFO: S01 Ep27 | train 0.0778 acc=0.980 | val 1.5167 acc=0.833 | 1.3s
[2025-10-10 23:00:07,007] INFO: S01 Ep28 | train 0.0668 acc=0.984 | val 1.7163 acc=0.818 | 1.3s
[2025-10-10 23:00:08,486] INFO: S01 Ep29 | train 0.0585 acc=0.985 | val 1.6701 acc=0.810 | 1.5s
[2025-10-10 23:00:09,743] INFO: S01 Ep30 | train 0.0639 acc=0.983 | val 1.8349 acc=0.796 | 1.2s
[2025-10-10 23:00:11,378] INFO: S01 Ep31 | train 0.0606 acc=0.987 | val 1.7988 acc=0.809 | 1.6s
[2025-10-10 23:00:12,959] INFO: S01 Ep32 | train 0.0609 acc=0.986 | val 1.7339 acc=0.831 | 1.6s
[2025-10-10 23:00:14,572] INFO: S01 Ep33 | train 0.0671 acc=0.985 | val 1.9431 acc=0.807 | 1.6s
[2025-10-10 23:00:16,184] INFO: S01 Ep34 | train 0.0540 acc=0.988 | val 1.8190 acc=0.828 | 1.6s
[2025-10-10 23:00:17,802] INFO: S01 Ep35 | train 0.0612 acc=0.986 | val 1.6916 acc=0.821 | 1.6s
[2025-10-10 23:00:19,373] INFO: S01 Ep36 | train 0.0498 acc=0.988 | val 2.4701 acc=0.775 | 1.6s
[2025-10-10 23:00:20,956] INFO: S01 Ep37 | train 0.0477 acc=0.988 | val 1.8219 acc=0.839 | 1.6s
[2025-10-10 23:00:22,202] INFO: S01 Ep38 | train 0.0442 acc=0.990 | val 2.0180 acc=0.834 | 1.2s
[2025-10-10 23:00:23,461] INFO: S01 Ep39 | train 0.0392 acc=0.991 | val 2.0657 acc=0.817 | 1.3s
[2025-10-10 23:00:24,720] INFO: S01 Ep40 | train 0.0519 acc=0.990 | val 1.8748 acc=0.827 | 1.3s
[2025-10-10 23:00:26,034] INFO: S01 Ep41 | train 0.0235 acc=0.994 | val 2.1828 acc=0.834 | 1.3s
[2025-10-10 23:00:27,290] INFO: S01 Ep42 | train 0.0429 acc=0.988 | val 2.0180 acc=0.831 | 1.3s
[2025-10-10 23:00:28,693] INFO: S01 Ep43 | train 0.0307 acc=0.993 | val 2.4663 acc=0.836 | 1.4s
[2025-10-10 23:00:28,701] INFO: S01 Early stopping at epoch 43 (best val 0.4670)
[2025-10-10 23:00:28,933] INFO: S01 Final: Val acc=0.813 AUC=0.848 | Test acc=0.795 AUC=0.817
[2025-10-10 23:00:29,189] INFO: S01: Val acc=0.813 AUC=0.848 | Test acc=0.795 AUC=0.817
[2025-10-10 23:00:29,189] INFO: === Subject 2 → aad_baseline_1s/s2 ===
[2025-10-10 23:00:31,233] INFO: S02 Ep01 | train 0.6818 acc=0.572 | val 0.6873 acc=0.581 | 1.6s
[2025-10-10 23:00:32,837] INFO: S02 Ep02 | train 0.6781 acc=0.587 | val 0.6775 acc=0.581 | 1.6s
[2025-10-10 23:00:34,466] INFO: S02 Ep03 | train 0.6743 acc=0.586 | val 0.6732 acc=0.584 | 1.6s
[2025-10-10 23:00:36,076] INFO: S02 Ep04 | train 0.6696 acc=0.594 | val 0.6722 acc=0.597 | 1.6s
[2025-10-10 23:00:37,687] INFO: S02 Ep05 | train 0.6576 acc=0.609 | val 0.6634 acc=0.600 | 1.6s
[2025-10-10 23:00:39,318] INFO: S02 Ep06 | train 0.6385 acc=0.636 | val 0.6672 acc=0.594 | 1.6s
[2025-10-10 23:00:40,958] INFO: S02 Ep07 | train 0.6004 acc=0.679 | val 0.6420 acc=0.633 | 1.6s
[2025-10-10 23:00:42,579] INFO: S02 Ep08 | train 0.5703 acc=0.705 | val 0.6466 acc=0.645 | 1.6s
[2025-10-10 23:00:44,150] INFO: S02 Ep09 | train 0.5183 acc=0.742 | val 0.6672 acc=0.650 | 1.6s
[2025-10-10 23:00:45,753] INFO: S02 Ep10 | train 0.4643 acc=0.777 | val 0.6472 acc=0.673 | 1.6s
[2025-10-10 23:00:47,376] INFO: S02 Ep11 | train 0.4069 acc=0.812 | val 0.6889 acc=0.652 | 1.6s
[2025-10-10 23:00:48,957] INFO: S02 Ep12 | train 0.3457 acc=0.849 | val 0.7039 acc=0.688 | 1.6s
[2025-10-10 23:00:50,542] INFO: S02 Ep13 | train 0.2766 acc=0.884 | val 0.7390 acc=0.714 | 1.6s
[2025-10-10 23:00:52,204] INFO: S02 Ep14 | train 0.2467 acc=0.902 | val 0.8873 acc=0.712 | 1.7s
[2025-10-10 23:00:53,786] INFO: S02 Ep15 | train 0.1939 acc=0.927 | val 0.9437 acc=0.716 | 1.6s
[2025-10-10 23:00:55,358] INFO: S02 Ep16 | train 0.1768 acc=0.932 | val 1.0739 acc=0.727 | 1.6s
[2025-10-10 23:00:56,959] INFO: S02 Ep17 | train 0.1360 acc=0.950 | val 1.2969 acc=0.718 | 1.6s
[2025-10-10 23:00:58,582] INFO: S02 Ep18 | train 0.1315 acc=0.954 | val 1.2193 acc=0.717 | 1.6s
[2025-10-10 23:01:00,224] INFO: S02 Ep19 | train 0.1112 acc=0.963 | val 1.4512 acc=0.732 | 1.6s
[2025-10-10 23:01:01,862] INFO: S02 Ep20 | train 0.1123 acc=0.965 | val 1.8432 acc=0.744 | 1.6s
[2025-10-10 23:01:03,508] INFO: S02 Ep21 | train 0.1086 acc=0.970 | val 1.8762 acc=0.707 | 1.6s
[2025-10-10 23:01:05,099] INFO: S02 Ep22 | train 0.1065 acc=0.969 | val 1.8571 acc=0.727 | 1.6s
[2025-10-10 23:01:06,675] INFO: S02 Ep23 | train 0.1062 acc=0.969 | val 1.9714 acc=0.735 | 1.6s
[2025-10-10 23:01:08,309] INFO: S02 Ep24 | train 0.0909 acc=0.973 | val 1.9371 acc=0.738 | 1.6s
[2025-10-10 23:01:09,992] INFO: S02 Ep25 | train 0.0838 acc=0.978 | val 2.0588 acc=0.752 | 1.7s
[2025-10-10 23:01:11,613] INFO: S02 Ep26 | train 0.1103 acc=0.971 | val 1.8799 acc=0.740 | 1.6s
[2025-10-10 23:01:13,249] INFO: S02 Ep27 | train 0.0893 acc=0.976 | val 2.0765 acc=0.717 | 1.6s
[2025-10-10 23:01:14,867] INFO: S02 Ep28 | train 0.0580 acc=0.985 | val 1.9377 acc=0.750 | 1.6s
[2025-10-10 23:01:16,478] INFO: S02 Ep29 | train 0.0673 acc=0.982 | val 1.9230 acc=0.730 | 1.6s
[2025-10-10 23:01:18,130] INFO: S02 Ep30 | train 0.0615 acc=0.985 | val 2.2765 acc=0.737 | 1.7s
[2025-10-10 23:01:19,701] INFO: S02 Ep31 | train 0.0864 acc=0.979 | val 2.2555 acc=0.753 | 1.6s
[2025-10-10 23:01:21,306] INFO: S02 Ep32 | train 0.0700 acc=0.984 | val 2.1309 acc=0.730 | 1.6s
[2025-10-10 23:01:23,000] INFO: S02 Ep33 | train 0.0660 acc=0.982 | val 2.2470 acc=0.752 | 1.7s
[2025-10-10 23:01:24,569] INFO: S02 Ep34 | train 0.0614 acc=0.986 | val 2.5097 acc=0.738 | 1.6s
[2025-10-10 23:01:26,192] INFO: S02 Ep35 | train 0.0653 acc=0.985 | val 2.5049 acc=0.771 | 1.6s
[2025-10-10 23:01:27,792] INFO: S02 Ep36 | train 0.0522 acc=0.986 | val 2.4196 acc=0.742 | 1.6s
[2025-10-10 23:01:29,413] INFO: S02 Ep37 | train 0.0538 acc=0.987 | val 2.6876 acc=0.739 | 1.6s
[2025-10-10 23:01:29,414] INFO: S02 Early stopping at epoch 37 (best val 0.6420)
[2025-10-10 23:01:29,640] INFO: S02 Final: Val acc=0.633 AUC=0.664 | Test acc=0.621 AUC=0.647
[2025-10-10 23:01:29,872] INFO: S02: Val acc=0.633 AUC=0.664 | Test acc=0.621 AUC=0.647
[2025-10-10 23:01:29,872] INFO: === Subject 3 → aad_baseline_1s/s3 ===
[2025-10-10 23:01:31,667] INFO: S03 Ep01 | train 0.5071 acc=0.840 | val 0.4574 acc=0.840 | 1.4s
[2025-10-10 23:01:33,230] INFO: S03 Ep02 | train 0.4420 acc=0.840 | val 0.4395 acc=0.840 | 1.6s
[2025-10-10 23:01:34,761] INFO: S03 Ep03 | train 0.4404 acc=0.840 | val 0.4467 acc=0.840 | 1.5s
[2025-10-10 23:01:36,249] INFO: S03 Ep04 | train 0.4380 acc=0.840 | val 0.4454 acc=0.840 | 1.5s
[2025-10-10 23:01:37,901] INFO: S03 Ep05 | train 0.4294 acc=0.840 | val 0.4280 acc=0.840 | 1.7s
[2025-10-10 23:01:39,520] INFO: S03 Ep06 | train 0.4100 acc=0.839 | val 0.3877 acc=0.840 | 1.6s
[2025-10-10 23:01:41,107] INFO: S03 Ep07 | train 0.3863 acc=0.841 | val 0.3707 acc=0.834 | 1.6s
[2025-10-10 23:01:42,749] INFO: S03 Ep08 | train 0.3611 acc=0.850 | val 0.3976 acc=0.801 | 1.6s
[2025-10-10 23:01:44,356] INFO: S03 Ep09 | train 0.3378 acc=0.850 | val 0.3570 acc=0.826 | 1.6s
[2025-10-10 23:01:45,990] INFO: S03 Ep10 | train 0.3194 acc=0.857 | val 0.3738 acc=0.846 | 1.6s
[2025-10-10 23:01:47,575] INFO: S03 Ep11 | train 0.2954 acc=0.874 | val 0.3674 acc=0.837 | 1.6s
[2025-10-10 23:01:49,163] INFO: S03 Ep12 | train 0.2693 acc=0.884 | val 0.4492 acc=0.834 | 1.6s
[2025-10-10 23:01:50,785] INFO: S03 Ep13 | train 0.2490 acc=0.897 | val 0.3900 acc=0.844 | 1.6s
[2025-10-10 23:01:52,379] INFO: S03 Ep14 | train 0.2138 acc=0.914 | val 0.3684 acc=0.841 | 1.6s
[2025-10-10 23:01:54,024] INFO: S03 Ep15 | train 0.1862 acc=0.930 | val 0.3950 acc=0.832 | 1.6s
[2025-10-10 23:01:55,629] INFO: S03 Ep16 | train 0.1444 acc=0.944 | val 0.5977 acc=0.857 | 1.6s
[2025-10-10 23:01:57,230] INFO: S03 Ep17 | train 0.1298 acc=0.951 | val 0.5380 acc=0.849 | 1.6s
[2025-10-10 23:01:58,854] INFO: S03 Ep18 | train 0.1122 acc=0.965 | val 0.7183 acc=0.852 | 1.6s
[2025-10-10 23:02:00,484] INFO: S03 Ep19 | train 0.0973 acc=0.967 | val 0.6762 acc=0.860 | 1.6s
[2025-10-10 23:02:02,084] INFO: S03 Ep20 | train 0.0753 acc=0.974 | val 1.0660 acc=0.856 | 1.6s
[2025-10-10 23:02:03,657] INFO: S03 Ep21 | train 0.0640 acc=0.982 | val 0.9956 acc=0.858 | 1.6s
[2025-10-10 23:02:05,246] INFO: S03 Ep22 | train 0.0706 acc=0.981 | val 0.9708 acc=0.856 | 1.6s
[2025-10-10 23:02:06,828] INFO: S03 Ep23 | train 0.0549 acc=0.985 | val 1.2345 acc=0.861 | 1.6s
[2025-10-10 23:02:08,385] INFO: S03 Ep24 | train 0.0427 acc=0.988 | val 1.0422 acc=0.844 | 1.6s
[2025-10-10 23:02:09,884] INFO: S03 Ep25 | train 0.0598 acc=0.985 | val 1.4333 acc=0.824 | 1.5s
[2025-10-10 23:02:11,353] INFO: S03 Ep26 | train 0.0638 acc=0.985 | val 1.2022 acc=0.866 | 1.5s
[2025-10-10 23:02:12,612] INFO: S03 Ep27 | train 0.0508 acc=0.987 | val 1.4125 acc=0.858 | 1.3s
[2025-10-10 23:02:13,919] INFO: S03 Ep28 | train 0.0681 acc=0.983 | val 1.0220 acc=0.869 | 1.3s
[2025-10-10 23:02:15,484] INFO: S03 Ep29 | train 0.0421 acc=0.988 | val 1.5248 acc=0.854 | 1.6s
[2025-10-10 23:02:17,018] INFO: S03 Ep30 | train 0.0450 acc=0.988 | val 1.2538 acc=0.854 | 1.5s
[2025-10-10 23:02:18,680] INFO: S03 Ep31 | train 0.0291 acc=0.993 | val 1.4266 acc=0.858 | 1.7s
[2025-10-10 23:02:20,346] INFO: S03 Ep32 | train 0.0424 acc=0.991 | val 1.2519 acc=0.874 | 1.7s
[2025-10-10 23:02:21,794] INFO: S03 Ep33 | train 0.0408 acc=0.991 | val 1.2416 acc=0.850 | 1.4s
[2025-10-10 23:02:23,073] INFO: S03 Ep34 | train 0.0378 acc=0.991 | val 1.2978 acc=0.859 | 1.3s
[2025-10-10 23:02:24,330] INFO: S03 Ep35 | train 0.0273 acc=0.993 | val 1.3452 acc=0.866 | 1.3s
[2025-10-10 23:02:25,584] INFO: S03 Ep36 | train 0.0487 acc=0.989 | val 1.4423 acc=0.867 | 1.3s
[2025-10-10 23:02:26,861] INFO: S03 Ep37 | train 0.0297 acc=0.993 | val 1.8981 acc=0.874 | 1.3s
[2025-10-10 23:02:28,247] INFO: S03 Ep38 | train 0.0407 acc=0.991 | val 2.2667 acc=0.865 | 1.4s
[2025-10-10 23:02:29,689] INFO: S03 Ep39 | train 0.0319 acc=0.992 | val 1.6026 acc=0.869 | 1.4s
[2025-10-10 23:02:29,690] INFO: S03 Early stopping at epoch 39 (best val 0.3570)
[2025-10-10 23:02:29,914] INFO: S03 Final: Val acc=0.826 AUC=0.810 | Test acc=0.830 AUC=0.780
[2025-10-10 23:02:30,141] INFO: S03: Val acc=0.826 AUC=0.810 | Test acc=0.830 AUC=0.780
[2025-10-10 23:02:30,141] INFO: === Subject 4 → aad_baseline_1s/s4 ===
[2025-10-10 23:02:31,835] INFO: S04 Ep01 | train 0.6838 acc=0.567 | val 0.6830 acc=0.570 | 1.3s
[2025-10-10 23:02:33,097] INFO: S04 Ep02 | train 0.6802 acc=0.579 | val 0.6831 acc=0.570 | 1.3s
[2025-10-10 23:02:34,351] INFO: S04 Ep03 | train 0.6769 acc=0.585 | val 0.6788 acc=0.572 | 1.3s
[2025-10-10 23:02:35,622] INFO: S04 Ep04 | train 0.6709 acc=0.592 | val 0.6674 acc=0.599 | 1.3s
[2025-10-10 23:02:37,173] INFO: S04 Ep05 | train 0.6573 acc=0.612 | val 0.6741 acc=0.580 | 1.5s
[2025-10-10 23:02:38,799] INFO: S04 Ep06 | train 0.6244 acc=0.641 | val 0.6371 acc=0.628 | 1.6s
[2025-10-10 23:02:40,310] INFO: S04 Ep07 | train 0.5817 acc=0.682 | val 0.6531 acc=0.622 | 1.5s
[2025-10-10 23:02:41,569] INFO: S04 Ep08 | train 0.5400 acc=0.722 | val 0.5974 acc=0.681 | 1.3s
[2025-10-10 23:02:42,835] INFO: S04 Ep09 | train 0.4941 acc=0.755 | val 0.5644 acc=0.715 | 1.3s
[2025-10-10 23:02:44,097] INFO: S04 Ep10 | train 0.4604 acc=0.779 | val 0.6187 acc=0.705 | 1.2s
[2025-10-10 23:02:45,488] INFO: S04 Ep11 | train 0.3929 acc=0.821 | val 0.6337 acc=0.718 | 1.4s
[2025-10-10 23:02:46,845] INFO: S04 Ep12 | train 0.3539 acc=0.844 | val 0.6089 acc=0.738 | 1.4s
[2025-10-10 23:02:48,454] INFO: S04 Ep13 | train 0.2900 acc=0.875 | val 0.6681 acc=0.742 | 1.6s
[2025-10-10 23:02:49,757] INFO: S04 Ep14 | train 0.2503 acc=0.899 | val 0.7742 acc=0.741 | 1.3s
[2025-10-10 23:02:51,020] INFO: S04 Ep15 | train 0.2130 acc=0.920 | val 0.8837 acc=0.724 | 1.3s
[2025-10-10 23:02:52,469] INFO: S04 Ep16 | train 0.1913 acc=0.931 | val 0.8780 acc=0.744 | 1.4s
[2025-10-10 23:02:53,726] INFO: S04 Ep17 | train 0.1600 acc=0.938 | val 1.4326 acc=0.709 | 1.3s
[2025-10-10 23:02:54,982] INFO: S04 Ep18 | train 0.1422 acc=0.949 | val 1.3192 acc=0.731 | 1.3s
[2025-10-10 23:02:56,238] INFO: S04 Ep19 | train 0.1386 acc=0.956 | val 1.3244 acc=0.742 | 1.2s
[2025-10-10 23:02:57,495] INFO: S04 Ep20 | train 0.1302 acc=0.959 | val 1.4076 acc=0.761 | 1.3s
[2025-10-10 23:02:58,753] INFO: S04 Ep21 | train 0.1037 acc=0.967 | val 1.8517 acc=0.752 | 1.3s
[2025-10-10 23:03:00,010] INFO: S04 Ep22 | train 0.1118 acc=0.965 | val 1.5330 acc=0.746 | 1.3s
[2025-10-10 23:03:01,403] INFO: S04 Ep23 | train 0.0957 acc=0.971 | val 1.6473 acc=0.767 | 1.4s
[2025-10-10 23:03:03,034] INFO: S04 Ep24 | train 0.0826 acc=0.974 | val 2.0748 acc=0.751 | 1.6s
[2025-10-10 23:03:04,640] INFO: S04 Ep25 | train 0.0936 acc=0.972 | val 2.0733 acc=0.745 | 1.6s
[2025-10-10 23:03:06,213] INFO: S04 Ep26 | train 0.0722 acc=0.982 | val 2.2289 acc=0.737 | 1.6s
[2025-10-10 23:03:07,642] INFO: S04 Ep27 | train 0.0778 acc=0.977 | val 3.0437 acc=0.725 | 1.4s
[2025-10-10 23:03:09,138] INFO: S04 Ep28 | train 0.0719 acc=0.983 | val 2.7038 acc=0.748 | 1.5s
[2025-10-10 23:03:10,741] INFO: S04 Ep29 | train 0.0888 acc=0.979 | val 2.1477 acc=0.751 | 1.6s
[2025-10-10 23:03:12,372] INFO: S04 Ep30 | train 0.0768 acc=0.979 | val 2.0983 acc=0.752 | 1.6s
[2025-10-10 23:03:14,010] INFO: S04 Ep31 | train 0.0646 acc=0.984 | val 2.2070 acc=0.749 | 1.6s
[2025-10-10 23:03:15,613] INFO: S04 Ep32 | train 0.0644 acc=0.980 | val 2.5059 acc=0.744 | 1.6s
[2025-10-10 23:03:17,205] INFO: S04 Ep33 | train 0.0647 acc=0.983 | val 2.3061 acc=0.754 | 1.6s
[2025-10-10 23:03:18,792] INFO: S04 Ep34 | train 0.0592 acc=0.986 | val 2.4206 acc=0.751 | 1.6s
[2025-10-10 23:03:20,391] INFO: S04 Ep35 | train 0.0628 acc=0.984 | val 2.4306 acc=0.750 | 1.6s
[2025-10-10 23:03:22,047] INFO: S04 Ep36 | train 0.0489 acc=0.990 | val 2.7007 acc=0.765 | 1.7s
[2025-10-10 23:03:23,731] INFO: S04 Ep37 | train 0.0616 acc=0.986 | val 2.7027 acc=0.757 | 1.7s
[2025-10-10 23:03:25,348] INFO: S04 Ep38 | train 0.0504 acc=0.987 | val 2.8464 acc=0.767 | 1.6s
[2025-10-10 23:03:26,926] INFO: S04 Ep39 | train 0.0519 acc=0.987 | val 2.6764 acc=0.750 | 1.6s
[2025-10-10 23:03:26,926] INFO: S04 Early stopping at epoch 39 (best val 0.5644)
[2025-10-10 23:03:27,149] INFO: S04 Final: Val acc=0.715 AUC=0.775 | Test acc=0.686 AUC=0.737
[2025-10-10 23:03:27,387] INFO: S04: Val acc=0.715 AUC=0.775 | Test acc=0.686 AUC=0.737
[2025-10-10 23:03:27,387] INFO: === Subject 5 → aad_baseline_1s/s5 ===
[2025-10-10 23:03:29,459] INFO: S05 Ep01 | train 0.6119 acc=0.724 | val 0.5831 acc=0.725 | 1.6s
[2025-10-10 23:03:31,080] INFO: S05 Ep02 | train 0.5871 acc=0.724 | val 0.5814 acc=0.725 | 1.6s
[2025-10-10 23:03:32,599] INFO: S05 Ep03 | train 0.5803 acc=0.723 | val 0.5817 acc=0.726 | 1.5s
[2025-10-10 23:03:33,912] INFO: S05 Ep04 | train 0.5678 acc=0.727 | val 0.5715 acc=0.735 | 1.3s
[2025-10-10 23:03:35,430] INFO: S05 Ep05 | train 0.5552 acc=0.739 | val 0.5555 acc=0.746 | 1.5s
[2025-10-10 23:03:37,007] INFO: S05 Ep06 | train 0.5375 acc=0.747 | val 0.5395 acc=0.746 | 1.6s
[2025-10-10 23:03:38,264] INFO: S05 Ep07 | train 0.5058 acc=0.759 | val 0.5587 acc=0.725 | 1.3s
[2025-10-10 23:03:39,522] INFO: S05 Ep08 | train 0.4694 acc=0.787 | val 0.5735 acc=0.757 | 1.3s
[2025-10-10 23:03:40,773] INFO: S05 Ep09 | train 0.4305 acc=0.809 | val 0.5237 acc=0.767 | 1.3s
[2025-10-10 23:03:42,035] INFO: S05 Ep10 | train 0.3967 acc=0.827 | val 0.5233 acc=0.766 | 1.3s
[2025-10-10 23:03:43,291] INFO: S05 Ep11 | train 0.3661 acc=0.846 | val 0.4994 acc=0.780 | 1.3s
[2025-10-10 23:03:44,548] INFO: S05 Ep12 | train 0.3253 acc=0.867 | val 0.5453 acc=0.763 | 1.3s
[2025-10-10 23:03:45,877] INFO: S05 Ep13 | train 0.2697 acc=0.890 | val 0.6147 acc=0.779 | 1.3s
[2025-10-10 23:03:47,546] INFO: S05 Ep14 | train 0.2447 acc=0.901 | val 0.6229 acc=0.776 | 1.7s
[2025-10-10 23:03:49,158] INFO: S05 Ep15 | train 0.2139 acc=0.915 | val 0.7876 acc=0.727 | 1.6s
[2025-10-10 23:03:50,802] INFO: S05 Ep16 | train 0.1768 acc=0.931 | val 0.8503 acc=0.776 | 1.6s
[2025-10-10 23:03:52,447] INFO: S05 Ep17 | train 0.1665 acc=0.940 | val 0.8915 acc=0.761 | 1.6s
[2025-10-10 23:03:54,053] INFO: S05 Ep18 | train 0.1337 acc=0.953 | val 0.8898 acc=0.774 | 1.6s
[2025-10-10 23:03:55,666] INFO: S05 Ep19 | train 0.1282 acc=0.960 | val 1.0125 acc=0.790 | 1.6s
[2025-10-10 23:03:57,280] INFO: S05 Ep20 | train 0.0972 acc=0.972 | val 1.3013 acc=0.776 | 1.6s
[2025-10-10 23:03:58,926] INFO: S05 Ep21 | train 0.0879 acc=0.975 | val 1.4590 acc=0.791 | 1.6s
[2025-10-10 23:04:00,394] INFO: S05 Ep22 | train 0.0952 acc=0.972 | val 1.4784 acc=0.784 | 1.5s
[2025-10-10 23:04:01,637] INFO: S05 Ep23 | train 0.0815 acc=0.977 | val 1.8462 acc=0.790 | 1.2s
[2025-10-10 23:04:02,889] INFO: S05 Ep24 | train 0.0913 acc=0.974 | val 1.5141 acc=0.782 | 1.3s
[2025-10-10 23:04:04,140] INFO: S05 Ep25 | train 0.0807 acc=0.977 | val 1.7697 acc=0.767 | 1.3s
[2025-10-10 23:04:05,385] INFO: S05 Ep26 | train 0.0716 acc=0.981 | val 1.5233 acc=0.798 | 1.2s
[2025-10-10 23:04:06,635] INFO: S05 Ep27 | train 0.0537 acc=0.986 | val 2.2334 acc=0.788 | 1.2s
[2025-10-10 23:04:08,183] INFO: S05 Ep28 | train 0.0606 acc=0.984 | val 2.0179 acc=0.794 | 1.5s
[2025-10-10 23:04:09,781] INFO: S05 Ep29 | train 0.0576 acc=0.984 | val 2.3146 acc=0.757 | 1.6s
[2025-10-10 23:04:11,456] INFO: S05 Ep30 | train 0.0645 acc=0.984 | val 2.1070 acc=0.794 | 1.7s
[2025-10-10 23:04:13,086] INFO: S05 Ep31 | train 0.0640 acc=0.986 | val 2.0478 acc=0.795 | 1.6s
[2025-10-10 23:04:14,698] INFO: S05 Ep32 | train 0.0507 acc=0.987 | val 2.0054 acc=0.779 | 1.6s
[2025-10-10 23:04:15,980] INFO: S05 Ep33 | train 0.0640 acc=0.986 | val 2.1673 acc=0.803 | 1.3s
[2025-10-10 23:04:17,232] INFO: S05 Ep34 | train 0.0542 acc=0.987 | val 2.3068 acc=0.791 | 1.3s
[2025-10-10 23:04:18,485] INFO: S05 Ep35 | train 0.0525 acc=0.988 | val 2.1636 acc=0.804 | 1.3s
[2025-10-10 23:04:19,736] INFO: S05 Ep36 | train 0.0382 acc=0.993 | val 2.4300 acc=0.792 | 1.3s
[2025-10-10 23:04:20,996] INFO: S05 Ep37 | train 0.0523 acc=0.988 | val 2.1566 acc=0.788 | 1.3s
[2025-10-10 23:04:22,248] INFO: S05 Ep38 | train 0.0365 acc=0.992 | val 2.0348 acc=0.790 | 1.3s
[2025-10-10 23:04:23,498] INFO: S05 Ep39 | train 0.0439 acc=0.991 | val 2.3872 acc=0.780 | 1.2s
[2025-10-10 23:04:24,753] INFO: S05 Ep40 | train 0.0425 acc=0.989 | val 1.8732 acc=0.801 | 1.3s
[2025-10-10 23:04:26,003] INFO: S05 Ep41 | train 0.0413 acc=0.990 | val 2.0566 acc=0.797 | 1.3s
[2025-10-10 23:04:26,003] INFO: S05 Early stopping at epoch 41 (best val 0.4994)
[2025-10-10 23:04:26,237] INFO: S05 Final: Val acc=0.780 AUC=0.781 | Test acc=0.754 AUC=0.749
[2025-10-10 23:04:26,474] INFO: S05: Val acc=0.780 AUC=0.781 | Test acc=0.754 AUC=0.749
[2025-10-10 23:04:26,474] INFO: === Subject 6 → aad_baseline_1s/s6 ===
[2025-10-10 23:04:28,157] INFO: S06 Ep01 | train 0.6933 acc=0.497 | val 0.6933 acc=0.491 | 1.2s
[2025-10-10 23:04:29,550] INFO: S06 Ep02 | train 0.6928 acc=0.517 | val 0.6907 acc=0.542 | 1.4s
[2025-10-10 23:04:31,140] INFO: S06 Ep03 | train 0.6914 acc=0.531 | val 0.6884 acc=0.541 | 1.6s
[2025-10-10 23:04:32,571] INFO: S06 Ep04 | train 0.6858 acc=0.549 | val 0.6879 acc=0.560 | 1.4s
[2025-10-10 23:04:34,183] INFO: S06 Ep05 | train 0.6816 acc=0.569 | val 0.6839 acc=0.548 | 1.6s
[2025-10-10 23:04:35,455] INFO: S06 Ep06 | train 0.6672 acc=0.602 | val 0.6855 acc=0.549 | 1.3s
[2025-10-10 23:04:36,710] INFO: S06 Ep07 | train 0.6382 acc=0.639 | val 0.6779 acc=0.598 | 1.3s
[2025-10-10 23:04:37,966] INFO: S06 Ep08 | train 0.5761 acc=0.700 | val 0.6576 acc=0.615 | 1.2s
[2025-10-10 23:04:39,333] INFO: S06 Ep09 | train 0.5169 acc=0.746 | val 0.7141 acc=0.609 | 1.4s
[2025-10-10 23:04:40,923] INFO: S06 Ep10 | train 0.4483 acc=0.791 | val 0.6951 acc=0.645 | 1.6s
[2025-10-10 23:04:42,554] INFO: S06 Ep11 | train 0.3680 acc=0.838 | val 0.7744 acc=0.636 | 1.6s
[2025-10-10 23:04:44,140] INFO: S06 Ep12 | train 0.3053 acc=0.872 | val 0.8136 acc=0.667 | 1.6s
[2025-10-10 23:04:45,758] INFO: S06 Ep13 | train 0.2385 acc=0.905 | val 1.0311 acc=0.657 | 1.6s
[2025-10-10 23:04:47,198] INFO: S06 Ep14 | train 0.1882 acc=0.926 | val 1.1301 acc=0.685 | 1.4s
[2025-10-10 23:04:48,775] INFO: S06 Ep15 | train 0.1675 acc=0.938 | val 1.0843 acc=0.703 | 1.6s
[2025-10-10 23:04:50,229] INFO: S06 Ep16 | train 0.1231 acc=0.953 | val 1.7256 acc=0.688 | 1.5s
[2025-10-10 23:04:51,482] INFO: S06 Ep17 | train 0.1318 acc=0.952 | val 2.2061 acc=0.665 | 1.3s
[2025-10-10 23:04:52,734] INFO: S06 Ep18 | train 0.1119 acc=0.964 | val 1.8052 acc=0.706 | 1.3s
[2025-10-10 23:04:53,985] INFO: S06 Ep19 | train 0.1220 acc=0.966 | val 1.7288 acc=0.709 | 1.3s
[2025-10-10 23:04:55,280] INFO: S06 Ep20 | train 0.1062 acc=0.965 | val 1.9544 acc=0.710 | 1.3s
[2025-10-10 23:04:56,528] INFO: S06 Ep21 | train 0.1004 acc=0.972 | val 1.9287 acc=0.701 | 1.2s
[2025-10-10 23:04:58,031] INFO: S06 Ep22 | train 0.0772 acc=0.979 | val 2.5013 acc=0.699 | 1.5s
[2025-10-10 23:04:59,467] INFO: S06 Ep23 | train 0.0744 acc=0.977 | val 2.5929 acc=0.712 | 1.4s
[2025-10-10 23:05:00,726] INFO: S06 Ep24 | train 0.0823 acc=0.977 | val 2.4170 acc=0.718 | 1.3s
[2025-10-10 23:05:02,059] INFO: S06 Ep25 | train 0.0811 acc=0.980 | val 2.7538 acc=0.705 | 1.3s
[2025-10-10 23:05:03,317] INFO: S06 Ep26 | train 0.0905 acc=0.975 | val 2.5525 acc=0.710 | 1.3s
[2025-10-10 23:05:04,575] INFO: S06 Ep27 | train 0.0653 acc=0.984 | val 2.8707 acc=0.718 | 1.2s
[2025-10-10 23:05:05,838] INFO: S06 Ep28 | train 0.0665 acc=0.982 | val 2.9207 acc=0.712 | 1.3s
[2025-10-10 23:05:07,098] INFO: S06 Ep29 | train 0.0835 acc=0.978 | val 2.6946 acc=0.700 | 1.3s
[2025-10-10 23:05:08,349] INFO: S06 Ep30 | train 0.0701 acc=0.982 | val 3.0033 acc=0.712 | 1.3s
[2025-10-10 23:05:09,609] INFO: S06 Ep31 | train 0.0590 acc=0.984 | val 2.9284 acc=0.703 | 1.3s
[2025-10-10 23:05:10,867] INFO: S06 Ep32 | train 0.0692 acc=0.982 | val 2.7699 acc=0.722 | 1.3s
[2025-10-10 23:05:12,122] INFO: S06 Ep33 | train 0.0519 acc=0.986 | val 3.0217 acc=0.717 | 1.3s
[2025-10-10 23:05:13,380] INFO: S06 Ep34 | train 0.0414 acc=0.989 | val 3.2105 acc=0.726 | 1.3s
[2025-10-10 23:05:14,636] INFO: S06 Ep35 | train 0.0439 acc=0.990 | val 3.5413 acc=0.722 | 1.2s
[2025-10-10 23:05:15,895] INFO: S06 Ep36 | train 0.0446 acc=0.989 | val 3.5973 acc=0.719 | 1.3s
[2025-10-10 23:05:17,153] INFO: S06 Ep37 | train 0.0576 acc=0.986 | val 3.1418 acc=0.722 | 1.3s
[2025-10-10 23:05:18,405] INFO: S06 Ep38 | train 0.0648 acc=0.984 | val 3.6399 acc=0.717 | 1.3s
[2025-10-10 23:05:18,413] INFO: S06 Early stopping at epoch 38 (best val 0.6576)
[2025-10-10 23:05:18,639] INFO: S06 Final: Val acc=0.615 AUC=0.670 | Test acc=0.612 AUC=0.658
[2025-10-10 23:05:18,878] INFO: S06: Val acc=0.615 AUC=0.670 | Test acc=0.612 AUC=0.658
[2025-10-10 23:05:18,878] INFO: === Subject 7 → aad_baseline_1s/s7 ===
[2025-10-10 23:05:20,560] INFO: S07 Ep01 | train 0.6599 acc=0.646 | val 0.6462 acc=0.651 | 1.3s
[2025-10-10 23:05:21,817] INFO: S07 Ep02 | train 0.6234 acc=0.664 | val 0.5796 acc=0.673 | 1.3s
[2025-10-10 23:05:23,079] INFO: S07 Ep03 | train 0.5553 acc=0.706 | val 0.5291 acc=0.710 | 1.3s
[2025-10-10 23:05:24,340] INFO: S07 Ep04 | train 0.5158 acc=0.728 | val 0.5690 acc=0.698 | 1.2s
[2025-10-10 23:05:25,598] INFO: S07 Ep05 | train 0.4863 acc=0.755 | val 0.5137 acc=0.729 | 1.3s
[2025-10-10 23:05:26,860] INFO: S07 Ep06 | train 0.4585 acc=0.775 | val 0.4608 acc=0.759 | 1.2s
[2025-10-10 23:05:28,127] INFO: S07 Ep07 | train 0.4258 acc=0.797 | val 0.5136 acc=0.731 | 1.3s
[2025-10-10 23:05:29,390] INFO: S07 Ep08 | train 0.4013 acc=0.813 | val 0.4699 acc=0.755 | 1.3s
[2025-10-10 23:05:30,648] INFO: S07 Ep09 | train 0.3710 acc=0.826 | val 0.5661 acc=0.739 | 1.3s
[2025-10-10 23:05:31,910] INFO: S07 Ep10 | train 0.3338 acc=0.846 | val 0.5254 acc=0.752 | 1.3s
[2025-10-10 23:05:33,169] INFO: S07 Ep11 | train 0.3141 acc=0.862 | val 0.5971 acc=0.730 | 1.3s
[2025-10-10 23:05:34,429] INFO: S07 Ep12 | train 0.2834 acc=0.877 | val 0.5200 acc=0.792 | 1.3s
[2025-10-10 23:05:35,687] INFO: S07 Ep13 | train 0.2574 acc=0.889 | val 0.6580 acc=0.735 | 1.3s
[2025-10-10 23:05:36,941] INFO: S07 Ep14 | train 0.2320 acc=0.902 | val 0.7357 acc=0.765 | 1.3s
[2025-10-10 23:05:38,201] INFO: S07 Ep15 | train 0.2320 acc=0.907 | val 0.6623 acc=0.780 | 1.3s
[2025-10-10 23:05:39,584] INFO: S07 Ep16 | train 0.1813 acc=0.929 | val 0.6395 acc=0.787 | 1.4s
[2025-10-10 23:05:41,111] INFO: S07 Ep17 | train 0.1761 acc=0.938 | val 0.6672 acc=0.804 | 1.5s
[2025-10-10 23:05:42,367] INFO: S07 Ep18 | train 0.1625 acc=0.943 | val 0.7565 acc=0.781 | 1.3s
[2025-10-10 23:05:43,622] INFO: S07 Ep19 | train 0.1481 acc=0.947 | val 0.8684 acc=0.784 | 1.3s
[2025-10-10 23:05:44,875] INFO: S07 Ep20 | train 0.1432 acc=0.951 | val 1.0591 acc=0.794 | 1.3s
[2025-10-10 23:05:46,134] INFO: S07 Ep21 | train 0.1191 acc=0.962 | val 1.4338 acc=0.775 | 1.2s
[2025-10-10 23:05:47,392] INFO: S07 Ep22 | train 0.1170 acc=0.965 | val 1.1812 acc=0.795 | 1.3s
[2025-10-10 23:05:48,643] INFO: S07 Ep23 | train 0.1016 acc=0.967 | val 1.2407 acc=0.798 | 1.3s
[2025-10-10 23:05:50,262] INFO: S07 Ep24 | train 0.0951 acc=0.970 | val 1.4882 acc=0.793 | 1.6s
[2025-10-10 23:05:51,852] INFO: S07 Ep25 | train 0.1011 acc=0.973 | val 1.2179 acc=0.809 | 1.6s
[2025-10-10 23:05:53,439] INFO: S07 Ep26 | train 0.0777 acc=0.979 | val 1.3497 acc=0.787 | 1.6s
[2025-10-10 23:05:54,994] INFO: S07 Ep27 | train 0.0801 acc=0.979 | val 1.4358 acc=0.795 | 1.6s
[2025-10-10 23:05:56,594] INFO: S07 Ep28 | train 0.0664 acc=0.981 | val 1.4057 acc=0.805 | 1.6s
[2025-10-10 23:05:57,968] INFO: S07 Ep29 | train 0.0816 acc=0.981 | val 1.6383 acc=0.813 | 1.4s
[2025-10-10 23:05:59,229] INFO: S07 Ep30 | train 0.0607 acc=0.985 | val 1.7562 acc=0.826 | 1.3s
[2025-10-10 23:06:00,493] INFO: S07 Ep31 | train 0.0604 acc=0.984 | val 2.0201 acc=0.798 | 1.3s
[2025-10-10 23:06:01,754] INFO: S07 Ep32 | train 0.0753 acc=0.982 | val 2.2518 acc=0.782 | 1.3s
[2025-10-10 23:06:03,015] INFO: S07 Ep33 | train 0.0532 acc=0.987 | val 2.0746 acc=0.806 | 1.3s
[2025-10-10 23:06:04,279] INFO: S07 Ep34 | train 0.0680 acc=0.985 | val 1.6341 acc=0.817 | 1.3s
[2025-10-10 23:06:05,539] INFO: S07 Ep35 | train 0.0514 acc=0.987 | val 1.6760 acc=0.800 | 1.3s
[2025-10-10 23:06:06,795] INFO: S07 Ep36 | train 0.0501 acc=0.989 | val 1.7070 acc=0.818 | 1.3s
[2025-10-10 23:06:06,795] INFO: S07 Early stopping at epoch 36 (best val 0.4608)
[2025-10-10 23:06:07,019] INFO: S07 Final: Val acc=0.759 AUC=0.841 | Test acc=0.728 AUC=0.806
[2025-10-10 23:06:07,250] INFO: S07: Val acc=0.759 AUC=0.841 | Test acc=0.728 AUC=0.806
[2025-10-10 23:06:07,250] INFO: === Subject 8 → aad_baseline_1s/s8 ===
[2025-10-10 23:06:09,307] INFO: S08 Ep01 | train 0.6863 acc=0.559 | val 0.6797 acc=0.571 | 1.6s
[2025-10-10 23:06:10,710] INFO: S08 Ep02 | train 0.6770 acc=0.579 | val 0.6793 acc=0.571 | 1.4s
[2025-10-10 23:06:12,000] INFO: S08 Ep03 | train 0.6656 acc=0.597 | val 0.6568 acc=0.613 | 1.3s
[2025-10-10 23:06:13,259] INFO: S08 Ep04 | train 0.6391 acc=0.640 | val 0.6525 acc=0.623 | 1.2s
[2025-10-10 23:06:14,819] INFO: S08 Ep05 | train 0.6016 acc=0.680 | val 0.6370 acc=0.672 | 1.5s
[2025-10-10 23:06:16,454] INFO: S08 Ep06 | train 0.5594 acc=0.712 | val 0.6455 acc=0.649 | 1.6s
[2025-10-10 23:06:18,050] INFO: S08 Ep07 | train 0.5271 acc=0.735 | val 0.6529 acc=0.662 | 1.6s
[2025-10-10 23:06:19,668] INFO: S08 Ep08 | train 0.4901 acc=0.762 | val 0.6606 acc=0.665 | 1.6s
[2025-10-10 23:06:20,920] INFO: S08 Ep09 | train 0.4435 acc=0.786 | val 0.6768 acc=0.666 | 1.3s
[2025-10-10 23:06:22,199] INFO: S08 Ep10 | train 0.4104 acc=0.810 | val 0.6539 acc=0.704 | 1.3s
[2025-10-10 23:06:23,449] INFO: S08 Ep11 | train 0.3797 acc=0.829 | val 0.6815 acc=0.688 | 1.2s
[2025-10-10 23:06:24,703] INFO: S08 Ep12 | train 0.3319 acc=0.855 | val 0.7472 acc=0.724 | 1.3s
[2025-10-10 23:06:25,958] INFO: S08 Ep13 | train 0.2864 acc=0.882 | val 1.0286 acc=0.706 | 1.2s
[2025-10-10 23:06:27,208] INFO: S08 Ep14 | train 0.2557 acc=0.899 | val 0.8065 acc=0.728 | 1.2s
[2025-10-10 23:06:28,482] INFO: S08 Ep15 | train 0.2271 acc=0.913 | val 0.9258 acc=0.727 | 1.3s
[2025-10-10 23:06:29,729] INFO: S08 Ep16 | train 0.1830 acc=0.926 | val 0.8936 acc=0.739 | 1.2s
[2025-10-10 23:06:30,985] INFO: S08 Ep17 | train 0.1699 acc=0.940 | val 1.0960 acc=0.731 | 1.3s
[2025-10-10 23:06:32,238] INFO: S08 Ep18 | train 0.1437 acc=0.949 | val 1.5798 acc=0.733 | 1.3s
[2025-10-10 23:06:33,488] INFO: S08 Ep19 | train 0.1462 acc=0.953 | val 1.4670 acc=0.733 | 1.2s
[2025-10-10 23:06:34,748] INFO: S08 Ep20 | train 0.1196 acc=0.961 | val 1.6903 acc=0.724 | 1.3s
[2025-10-10 23:06:36,001] INFO: S08 Ep21 | train 0.1125 acc=0.968 | val 1.7121 acc=0.755 | 1.3s
[2025-10-10 23:06:37,255] INFO: S08 Ep22 | train 0.1029 acc=0.970 | val 1.5884 acc=0.726 | 1.3s
[2025-10-10 23:06:38,511] INFO: S08 Ep23 | train 0.0983 acc=0.972 | val 1.8131 acc=0.744 | 1.3s
[2025-10-10 23:06:39,767] INFO: S08 Ep24 | train 0.1008 acc=0.970 | val 2.0027 acc=0.754 | 1.2s
[2025-10-10 23:06:41,025] INFO: S08 Ep25 | train 0.0800 acc=0.976 | val 2.1651 acc=0.750 | 1.3s
[2025-10-10 23:06:42,280] INFO: S08 Ep26 | train 0.0926 acc=0.975 | val 2.3983 acc=0.752 | 1.3s
[2025-10-10 23:06:43,531] INFO: S08 Ep27 | train 0.0765 acc=0.981 | val 2.3483 acc=0.757 | 1.3s
[2025-10-10 23:06:44,788] INFO: S08 Ep28 | train 0.0696 acc=0.980 | val 2.4468 acc=0.749 | 1.3s
[2025-10-10 23:06:46,044] INFO: S08 Ep29 | train 0.0770 acc=0.981 | val 2.3608 acc=0.745 | 1.2s
[2025-10-10 23:06:47,301] INFO: S08 Ep30 | train 0.0713 acc=0.980 | val 2.1560 acc=0.769 | 1.3s
[2025-10-10 23:06:48,566] INFO: S08 Ep31 | train 0.0710 acc=0.983 | val 2.4922 acc=0.767 | 1.3s
[2025-10-10 23:06:49,822] INFO: S08 Ep32 | train 0.0625 acc=0.985 | val 2.8229 acc=0.753 | 1.3s
[2025-10-10 23:06:51,082] INFO: S08 Ep33 | train 0.0668 acc=0.984 | val 2.4392 acc=0.740 | 1.3s
[2025-10-10 23:06:52,336] INFO: S08 Ep34 | train 0.0480 acc=0.989 | val 3.0071 acc=0.746 | 1.3s
[2025-10-10 23:06:53,755] INFO: S08 Ep35 | train 0.0585 acc=0.986 | val 2.7830 acc=0.761 | 1.4s
[2025-10-10 23:06:53,755] INFO: S08 Early stopping at epoch 35 (best val 0.6370)
[2025-10-10 23:06:53,979] INFO: S08 Final: Val acc=0.672 AUC=0.696 | Test acc=0.637 AUC=0.697
[2025-10-10 23:06:54,341] INFO: S08: Val acc=0.672 AUC=0.696 | Test acc=0.637 AUC=0.697
[2025-10-10 23:06:54,341] INFO: === Subject 9 → aad_baseline_1s/s9 ===
[2025-10-10 23:06:56,146] INFO: S09 Ep01 | train 0.6648 acc=0.636 | val 0.6460 acc=0.652 | 1.4s
[2025-10-10 23:06:57,407] INFO: S09 Ep02 | train 0.6547 acc=0.636 | val 0.6491 acc=0.652 | 1.2s
[2025-10-10 23:06:59,039] INFO: S09 Ep03 | train 0.6531 acc=0.636 | val 0.6425 acc=0.652 | 1.6s
[2025-10-10 23:07:00,684] INFO: S09 Ep04 | train 0.6510 acc=0.636 | val 0.6414 acc=0.654 | 1.6s
[2025-10-10 23:07:02,313] INFO: S09 Ep05 | train 0.6475 acc=0.638 | val 0.6431 acc=0.654 | 1.6s
[2025-10-10 23:07:03,903] INFO: S09 Ep06 | train 0.6430 acc=0.644 | val 0.6418 acc=0.653 | 1.6s
[2025-10-10 23:07:05,523] INFO: S09 Ep07 | train 0.6352 acc=0.649 | val 0.6337 acc=0.651 | 1.6s
[2025-10-10 23:07:07,171] INFO: S09 Ep08 | train 0.6185 acc=0.661 | val 0.6405 acc=0.650 | 1.6s
[2025-10-10 23:07:08,787] INFO: S09 Ep09 | train 0.5893 acc=0.692 | val 0.6797 acc=0.606 | 1.6s
[2025-10-10 23:07:10,378] INFO: S09 Ep10 | train 0.5521 acc=0.727 | val 0.7339 acc=0.602 | 1.6s
[2025-10-10 23:07:12,003] INFO: S09 Ep11 | train 0.5044 acc=0.759 | val 0.7546 acc=0.599 | 1.6s
[2025-10-10 23:07:13,627] INFO: S09 Ep12 | train 0.4429 acc=0.798 | val 0.6633 acc=0.653 | 1.6s
[2025-10-10 23:07:15,223] INFO: S09 Ep13 | train 0.3859 acc=0.831 | val 0.7169 acc=0.690 | 1.6s
[2025-10-10 23:07:16,855] INFO: S09 Ep14 | train 0.3267 acc=0.863 | val 0.9060 acc=0.658 | 1.6s
[2025-10-10 23:07:18,474] INFO: S09 Ep15 | train 0.2713 acc=0.890 | val 0.9557 acc=0.696 | 1.6s
[2025-10-10 23:07:20,083] INFO: S09 Ep16 | train 0.2250 acc=0.912 | val 1.1149 acc=0.694 | 1.6s
[2025-10-10 23:07:21,735] INFO: S09 Ep17 | train 0.1904 acc=0.927 | val 1.0959 acc=0.713 | 1.7s
[2025-10-10 23:07:23,342] INFO: S09 Ep18 | train 0.1697 acc=0.933 | val 1.3221 acc=0.693 | 1.6s
[2025-10-10 23:07:24,923] INFO: S09 Ep19 | train 0.1480 acc=0.949 | val 1.4264 acc=0.709 | 1.6s
[2025-10-10 23:07:26,188] INFO: S09 Ep20 | train 0.1310 acc=0.955 | val 1.4274 acc=0.718 | 1.3s
[2025-10-10 23:07:27,439] INFO: S09 Ep21 | train 0.1118 acc=0.963 | val 1.7356 acc=0.697 | 1.3s
[2025-10-10 23:07:28,689] INFO: S09 Ep22 | train 0.0954 acc=0.969 | val 1.9876 acc=0.694 | 1.2s
[2025-10-10 23:07:29,949] INFO: S09 Ep23 | train 0.1095 acc=0.971 | val 1.9952 acc=0.694 | 1.3s
[2025-10-10 23:07:31,309] INFO: S09 Ep24 | train 0.0951 acc=0.970 | val 2.4305 acc=0.725 | 1.4s
[2025-10-10 23:07:32,558] INFO: S09 Ep25 | train 0.0986 acc=0.972 | val 3.1953 acc=0.641 | 1.2s
[2025-10-10 23:07:34,047] INFO: S09 Ep26 | train 0.0844 acc=0.975 | val 2.5730 acc=0.701 | 1.5s
[2025-10-10 23:07:35,602] INFO: S09 Ep27 | train 0.0824 acc=0.975 | val 2.3623 acc=0.717 | 1.6s
[2025-10-10 23:07:37,136] INFO: S09 Ep28 | train 0.0951 acc=0.975 | val 2.4943 acc=0.702 | 1.5s
[2025-10-10 23:07:38,383] INFO: S09 Ep29 | train 0.0790 acc=0.980 | val 2.4694 acc=0.699 | 1.2s
[2025-10-10 23:07:39,645] INFO: S09 Ep30 | train 0.0885 acc=0.978 | val 2.5940 acc=0.716 | 1.3s
[2025-10-10 23:07:40,896] INFO: S09 Ep31 | train 0.0755 acc=0.980 | val 2.6953 acc=0.720 | 1.3s
[2025-10-10 23:07:42,153] INFO: S09 Ep32 | train 0.0687 acc=0.983 | val 2.7539 acc=0.704 | 1.3s
[2025-10-10 23:07:43,409] INFO: S09 Ep33 | train 0.0666 acc=0.982 | val 2.8369 acc=0.714 | 1.3s
[2025-10-10 23:07:44,661] INFO: S09 Ep34 | train 0.0675 acc=0.982 | val 2.4792 acc=0.729 | 1.3s
[2025-10-10 23:07:45,921] INFO: S09 Ep35 | train 0.0665 acc=0.985 | val 2.7877 acc=0.720 | 1.3s
[2025-10-10 23:07:47,342] INFO: S09 Ep36 | train 0.0651 acc=0.986 | val 3.1828 acc=0.683 | 1.4s
[2025-10-10 23:07:48,779] INFO: S09 Ep37 | train 0.0609 acc=0.987 | val 2.6752 acc=0.717 | 1.4s
[2025-10-10 23:07:48,779] INFO: S09 Early stopping at epoch 37 (best val 0.6337)
[2025-10-10 23:07:49,003] INFO: S09 Final: Val acc=0.651 AUC=0.592 | Test acc=0.654 AUC=0.594
[2025-10-10 23:07:49,240] INFO: S09: Val acc=0.651 AUC=0.592 | Test acc=0.654 AUC=0.594
[2025-10-10 23:07:49,249] INFO: === Subject 10 → aad_baseline_1s/s10 ===
[2025-10-10 23:07:51,248] INFO: S10 Ep01 | train 0.6924 acc=0.525 | val 0.6919 acc=0.531 | 1.6s
[2025-10-10 23:07:52,506] INFO: S10 Ep02 | train 0.6923 acc=0.525 | val 0.6907 acc=0.531 | 1.3s
[2025-10-10 23:07:53,812] INFO: S10 Ep03 | train 0.6900 acc=0.531 | val 0.6932 acc=0.530 | 1.3s
[2025-10-10 23:07:55,087] INFO: S10 Ep04 | train 0.6842 acc=0.564 | val 0.6793 acc=0.560 | 1.3s
[2025-10-10 23:07:56,357] INFO: S10 Ep05 | train 0.6672 acc=0.591 | val 0.6861 acc=0.556 | 1.3s
[2025-10-10 23:07:57,620] INFO: S10 Ep06 | train 0.6365 acc=0.639 | val 0.7542 acc=0.564 | 1.3s
[2025-10-10 23:07:58,909] INFO: S10 Ep07 | train 0.5735 acc=0.699 | val 0.7078 acc=0.606 | 1.3s
[2025-10-10 23:08:00,218] INFO: S10 Ep08 | train 0.5184 acc=0.746 | val 0.6798 acc=0.616 | 1.3s
[2025-10-10 23:08:01,484] INFO: S10 Ep09 | train 0.4613 acc=0.783 | val 0.7177 acc=0.632 | 1.3s
[2025-10-10 23:08:02,743] INFO: S10 Ep10 | train 0.3975 acc=0.818 | val 0.7516 acc=0.650 | 1.3s
[2025-10-10 23:08:04,009] INFO: S10 Ep11 | train 0.3368 acc=0.852 | val 0.7736 acc=0.667 | 1.3s
[2025-10-10 23:08:05,280] INFO: S10 Ep12 | train 0.2741 acc=0.880 | val 0.8469 acc=0.663 | 1.3s
[2025-10-10 23:08:06,653] INFO: S10 Ep13 | train 0.2245 acc=0.911 | val 0.9943 acc=0.691 | 1.4s
[2025-10-10 23:08:08,236] INFO: S10 Ep14 | train 0.1854 acc=0.929 | val 1.2607 acc=0.678 | 1.6s
[2025-10-10 23:08:09,869] INFO: S10 Ep15 | train 0.1596 acc=0.938 | val 1.1037 acc=0.699 | 1.6s
[2025-10-10 23:08:11,490] INFO: S10 Ep16 | train 0.1359 acc=0.953 | val 1.6572 acc=0.698 | 1.6s
[2025-10-10 23:08:13,114] INFO: S10 Ep17 | train 0.1377 acc=0.954 | val 1.6301 acc=0.694 | 1.6s
[2025-10-10 23:08:14,627] INFO: S10 Ep18 | train 0.1307 acc=0.961 | val 1.6190 acc=0.693 | 1.5s
[2025-10-10 23:08:15,941] INFO: S10 Ep19 | train 0.1087 acc=0.969 | val 2.1201 acc=0.701 | 1.3s
[2025-10-10 23:08:17,206] INFO: S10 Ep20 | train 0.1138 acc=0.970 | val 2.1294 acc=0.713 | 1.3s
[2025-10-10 23:08:18,471] INFO: S10 Ep21 | train 0.0906 acc=0.974 | val 1.8600 acc=0.718 | 1.3s
[2025-10-10 23:08:19,733] INFO: S10 Ep22 | train 0.0809 acc=0.977 | val 2.2638 acc=0.739 | 1.3s
[2025-10-10 23:08:20,991] INFO: S10 Ep23 | train 0.0680 acc=0.982 | val 2.4627 acc=0.732 | 1.3s
[2025-10-10 23:08:22,442] INFO: S10 Ep24 | train 0.0926 acc=0.978 | val 2.3473 acc=0.722 | 1.4s
[2025-10-10 23:08:24,080] INFO: S10 Ep25 | train 0.0752 acc=0.979 | val 2.7943 acc=0.722 | 1.6s
[2025-10-10 23:08:25,660] INFO: S10 Ep26 | train 0.0884 acc=0.977 | val 2.3737 acc=0.727 | 1.6s
[2025-10-10 23:08:27,248] INFO: S10 Ep27 | train 0.0809 acc=0.979 | val 2.5097 acc=0.729 | 1.6s
[2025-10-10 23:08:28,876] INFO: S10 Ep28 | train 0.0585 acc=0.987 | val 2.5013 acc=0.723 | 1.6s
[2025-10-10 23:08:30,500] INFO: S10 Ep29 | train 0.0543 acc=0.985 | val 2.6800 acc=0.723 | 1.6s
[2025-10-10 23:08:32,104] INFO: S10 Ep30 | train 0.0688 acc=0.983 | val 2.8944 acc=0.722 | 1.6s
[2025-10-10 23:08:33,702] INFO: S10 Ep31 | train 0.0660 acc=0.983 | val 2.6987 acc=0.736 | 1.6s
[2025-10-10 23:08:35,308] INFO: S10 Ep32 | train 0.0688 acc=0.983 | val 2.8858 acc=0.728 | 1.6s
[2025-10-10 23:08:36,922] INFO: S10 Ep33 | train 0.0508 acc=0.987 | val 3.5790 acc=0.718 | 1.6s
[2025-10-10 23:08:38,539] INFO: S10 Ep34 | train 0.0544 acc=0.988 | val 3.1024 acc=0.726 | 1.6s
[2025-10-10 23:08:38,539] INFO: S10 Early stopping at epoch 34 (best val 0.6793)
[2025-10-10 23:08:38,762] INFO: S10 Final: Val acc=0.560 AUC=0.589 | Test acc=0.567 AUC=0.593
[2025-10-10 23:08:38,979] INFO: S10: Val acc=0.560 AUC=0.589 | Test acc=0.567 AUC=0.593
[2025-10-10 23:08:38,980] INFO: === Subject 11 → aad_baseline_1s/s11 ===
[2025-10-10 23:08:41,038] INFO: S11 Ep01 | train 0.6751 acc=0.567 | val 0.6598 acc=0.620 | 1.6s
[2025-10-10 23:08:42,648] INFO: S11 Ep02 | train 0.6630 acc=0.617 | val 0.6566 acc=0.620 | 1.6s
[2025-10-10 23:08:44,303] INFO: S11 Ep03 | train 0.6612 acc=0.617 | val 0.6496 acc=0.621 | 1.7s
[2025-10-10 23:08:45,924] INFO: S11 Ep04 | train 0.6527 acc=0.626 | val 0.6567 acc=0.618 | 1.6s
[2025-10-10 23:08:47,558] INFO: S11 Ep05 | train 0.6445 acc=0.631 | val 0.6469 acc=0.616 | 1.6s
[2025-10-10 23:08:49,169] INFO: S11 Ep06 | train 0.6270 acc=0.641 | val 0.6299 acc=0.635 | 1.6s
[2025-10-10 23:08:50,803] INFO: S11 Ep07 | train 0.6004 acc=0.665 | val 0.6372 acc=0.672 | 1.6s
[2025-10-10 23:08:52,431] INFO: S11 Ep08 | train 0.5710 acc=0.698 | val 0.6332 acc=0.662 | 1.6s
[2025-10-10 23:08:54,041] INFO: S11 Ep09 | train 0.5401 acc=0.719 | val 0.6119 acc=0.675 | 1.6s
[2025-10-10 23:08:55,687] INFO: S11 Ep10 | train 0.5055 acc=0.737 | val 0.6070 acc=0.681 | 1.6s
[2025-10-10 23:08:57,279] INFO: S11 Ep11 | train 0.4687 acc=0.771 | val 0.6750 acc=0.678 | 1.6s
[2025-10-10 23:08:58,878] INFO: S11 Ep12 | train 0.4364 acc=0.800 | val 0.6244 acc=0.691 | 1.6s
[2025-10-10 23:09:00,160] INFO: S11 Ep13 | train 0.3939 acc=0.816 | val 0.6866 acc=0.697 | 1.3s
[2025-10-10 23:09:01,417] INFO: S11 Ep14 | train 0.3373 acc=0.854 | val 0.7024 acc=0.711 | 1.3s
[2025-10-10 23:09:02,771] INFO: S11 Ep15 | train 0.2941 acc=0.874 | val 0.7862 acc=0.690 | 1.4s
[2025-10-10 23:09:04,408] INFO: S11 Ep16 | train 0.2480 acc=0.900 | val 0.8759 acc=0.690 | 1.6s
[2025-10-10 23:09:05,768] INFO: S11 Ep17 | train 0.2028 acc=0.919 | val 0.9919 acc=0.703 | 1.4s
[2025-10-10 23:09:07,025] INFO: S11 Ep18 | train 0.1891 acc=0.927 | val 1.0633 acc=0.728 | 1.3s
[2025-10-10 23:09:08,547] INFO: S11 Ep19 | train 0.1663 acc=0.939 | val 1.1613 acc=0.730 | 1.5s
[2025-10-10 23:09:09,805] INFO: S11 Ep20 | train 0.1535 acc=0.943 | val 1.2525 acc=0.705 | 1.3s
[2025-10-10 23:09:11,096] INFO: S11 Ep21 | train 0.1375 acc=0.954 | val 1.6921 acc=0.712 | 1.3s
[2025-10-10 23:09:12,376] INFO: S11 Ep22 | train 0.1128 acc=0.963 | val 1.4847 acc=0.715 | 1.3s
[2025-10-10 23:09:13,660] INFO: S11 Ep23 | train 0.1036 acc=0.964 | val 2.2615 acc=0.684 | 1.3s
[2025-10-10 23:09:14,927] INFO: S11 Ep24 | train 0.0970 acc=0.967 | val 1.9343 acc=0.733 | 1.3s
[2025-10-10 23:09:16,200] INFO: S11 Ep25 | train 0.0939 acc=0.972 | val 2.2119 acc=0.753 | 1.3s
[2025-10-10 23:09:17,459] INFO: S11 Ep26 | train 0.0996 acc=0.973 | val 2.1453 acc=0.736 | 1.3s
[2025-10-10 23:09:18,721] INFO: S11 Ep27 | train 0.0931 acc=0.976 | val 2.2938 acc=0.724 | 1.3s
[2025-10-10 23:09:19,978] INFO: S11 Ep28 | train 0.0990 acc=0.975 | val 2.1943 acc=0.712 | 1.3s
[2025-10-10 23:09:21,242] INFO: S11 Ep29 | train 0.0830 acc=0.975 | val 2.0739 acc=0.730 | 1.3s
[2025-10-10 23:09:22,500] INFO: S11 Ep30 | train 0.0803 acc=0.981 | val 2.2779 acc=0.733 | 1.3s
[2025-10-10 23:09:23,755] INFO: S11 Ep31 | train 0.0735 acc=0.978 | val 2.2724 acc=0.733 | 1.3s
[2025-10-10 23:09:25,019] INFO: S11 Ep32 | train 0.0620 acc=0.983 | val 2.8870 acc=0.728 | 1.3s
[2025-10-10 23:09:26,277] INFO: S11 Ep33 | train 0.0823 acc=0.980 | val 2.5065 acc=0.727 | 1.3s
[2025-10-10 23:09:27,538] INFO: S11 Ep34 | train 0.0658 acc=0.984 | val 2.4746 acc=0.736 | 1.3s
[2025-10-10 23:09:28,798] INFO: S11 Ep35 | train 0.0575 acc=0.984 | val 2.5529 acc=0.741 | 1.3s
[2025-10-10 23:09:30,366] INFO: S11 Ep36 | train 0.0682 acc=0.983 | val 2.7828 acc=0.717 | 1.6s
[2025-10-10 23:09:32,022] INFO: S11 Ep37 | train 0.0525 acc=0.989 | val 2.8035 acc=0.740 | 1.6s
[2025-10-10 23:09:33,590] INFO: S11 Ep38 | train 0.0552 acc=0.987 | val 2.8413 acc=0.730 | 1.6s
[2025-10-10 23:09:35,214] INFO: S11 Ep39 | train 0.0539 acc=0.988 | val 3.1729 acc=0.725 | 1.6s
[2025-10-10 23:09:36,842] INFO: S11 Ep40 | train 0.0505 acc=0.987 | val 3.0782 acc=0.737 | 1.6s
[2025-10-10 23:09:36,842] INFO: S11 Early stopping at epoch 40 (best val 0.6070)
[2025-10-10 23:09:37,066] INFO: S11 Final: Val acc=0.681 AUC=0.718 | Test acc=0.648 AUC=0.707
[2025-10-10 23:09:37,302] INFO: S11: Val acc=0.681 AUC=0.718 | Test acc=0.648 AUC=0.707
[2025-10-10 23:09:37,302] INFO: === Subject 12 → aad_baseline_1s/s12 ===
[2025-10-10 23:09:39,356] INFO: S12 Ep01 | train 0.6915 acc=0.521 | val 0.6918 acc=0.529 | 1.6s
[2025-10-10 23:09:40,983] INFO: S12 Ep02 | train 0.6888 acc=0.536 | val 0.6911 acc=0.549 | 1.6s
[2025-10-10 23:09:42,605] INFO: S12 Ep03 | train 0.6799 acc=0.570 | val 0.6784 acc=0.577 | 1.6s
[2025-10-10 23:09:44,169] INFO: S12 Ep04 | train 0.6423 acc=0.630 | val 0.6175 acc=0.651 | 1.6s
[2025-10-10 23:09:45,758] INFO: S12 Ep05 | train 0.5913 acc=0.684 | val 0.6236 acc=0.645 | 1.6s
[2025-10-10 23:09:47,381] INFO: S12 Ep06 | train 0.5535 acc=0.712 | val 0.5988 acc=0.683 | 1.6s
[2025-10-10 23:09:48,973] INFO: S12 Ep07 | train 0.5130 acc=0.747 | val 0.6016 acc=0.673 | 1.6s
[2025-10-10 23:09:50,569] INFO: S12 Ep08 | train 0.4796 acc=0.767 | val 0.6034 acc=0.663 | 1.6s
[2025-10-10 23:09:52,189] INFO: S12 Ep09 | train 0.4379 acc=0.792 | val 0.5674 acc=0.709 | 1.6s
[2025-10-10 23:09:53,817] INFO: S12 Ep10 | train 0.4061 acc=0.808 | val 0.6725 acc=0.676 | 1.6s
[2025-10-10 23:09:55,405] INFO: S12 Ep11 | train 0.3498 acc=0.836 | val 0.7262 acc=0.703 | 1.6s
[2025-10-10 23:09:56,929] INFO: S12 Ep12 | train 0.3236 acc=0.855 | val 0.6953 acc=0.719 | 1.5s
[2025-10-10 23:09:58,205] INFO: S12 Ep13 | train 0.2824 acc=0.877 | val 0.7051 acc=0.731 | 1.3s
[2025-10-10 23:09:59,469] INFO: S12 Ep14 | train 0.2371 acc=0.902 | val 0.7800 acc=0.719 | 1.3s
[2025-10-10 23:10:00,978] INFO: S12 Ep15 | train 0.2166 acc=0.911 | val 0.8345 acc=0.719 | 1.5s
[2025-10-10 23:10:02,254] INFO: S12 Ep16 | train 0.1926 acc=0.925 | val 1.2038 acc=0.724 | 1.3s
[2025-10-10 23:10:03,684] INFO: S12 Ep17 | train 0.1639 acc=0.937 | val 1.0931 acc=0.750 | 1.4s
[2025-10-10 23:10:04,943] INFO: S12 Ep18 | train 0.1574 acc=0.943 | val 1.2011 acc=0.749 | 1.3s
[2025-10-10 23:10:06,203] INFO: S12 Ep19 | train 0.1371 acc=0.952 | val 1.7801 acc=0.720 | 1.3s
[2025-10-10 23:10:07,595] INFO: S12 Ep20 | train 0.1242 acc=0.960 | val 1.5188 acc=0.730 | 1.4s
[2025-10-10 23:10:08,850] INFO: S12 Ep21 | train 0.1136 acc=0.964 | val 1.6206 acc=0.720 | 1.3s
[2025-10-10 23:10:10,194] INFO: S12 Ep22 | train 0.1171 acc=0.963 | val 1.6278 acc=0.741 | 1.3s
[2025-10-10 23:10:11,642] INFO: S12 Ep23 | train 0.1055 acc=0.970 | val 1.5899 acc=0.749 | 1.4s
[2025-10-10 23:10:13,256] INFO: S12 Ep24 | train 0.0823 acc=0.975 | val 2.1888 acc=0.740 | 1.6s
[2025-10-10 23:10:14,876] INFO: S12 Ep25 | train 0.0803 acc=0.979 | val 2.3700 acc=0.751 | 1.6s
[2025-10-10 23:10:16,485] INFO: S12 Ep26 | train 0.1008 acc=0.975 | val 2.3828 acc=0.746 | 1.6s
[2025-10-10 23:10:18,138] INFO: S12 Ep27 | train 0.0838 acc=0.980 | val 2.2933 acc=0.726 | 1.7s
[2025-10-10 23:10:19,742] INFO: S12 Ep28 | train 0.0759 acc=0.981 | val 2.5524 acc=0.740 | 1.6s
[2025-10-10 23:10:21,329] INFO: S12 Ep29 | train 0.0859 acc=0.975 | val 2.5019 acc=0.758 | 1.6s
[2025-10-10 23:10:22,916] INFO: S12 Ep30 | train 0.0854 acc=0.980 | val 2.2375 acc=0.752 | 1.6s
[2025-10-10 23:10:24,521] INFO: S12 Ep31 | train 0.0677 acc=0.983 | val 2.7038 acc=0.757 | 1.6s
[2025-10-10 23:10:26,113] INFO: S12 Ep32 | train 0.0690 acc=0.984 | val 3.1214 acc=0.723 | 1.6s
[2025-10-10 23:10:27,738] INFO: S12 Ep33 | train 0.0688 acc=0.987 | val 2.7093 acc=0.757 | 1.6s
[2025-10-10 23:10:29,391] INFO: S12 Ep34 | train 0.0706 acc=0.985 | val 2.8468 acc=0.745 | 1.7s
[2025-10-10 23:10:30,969] INFO: S12 Ep35 | train 0.0661 acc=0.983 | val 2.3590 acc=0.744 | 1.6s
[2025-10-10 23:10:32,224] INFO: S12 Ep36 | train 0.0575 acc=0.984 | val 2.5636 acc=0.746 | 1.3s
[2025-10-10 23:10:33,477] INFO: S12 Ep37 | train 0.0560 acc=0.987 | val 2.7103 acc=0.744 | 1.3s
[2025-10-10 23:10:34,735] INFO: S12 Ep38 | train 0.0467 acc=0.989 | val 2.9766 acc=0.738 | 1.2s
[2025-10-10 23:10:35,993] INFO: S12 Ep39 | train 0.0498 acc=0.989 | val 3.3435 acc=0.742 | 1.3s
[2025-10-10 23:10:35,993] INFO: S12 Early stopping at epoch 39 (best val 0.5674)
[2025-10-10 23:10:36,222] INFO: S12 Final: Val acc=0.709 AUC=0.791 | Test acc=0.696 AUC=0.780
[2025-10-10 23:10:36,479] INFO: S12: Val acc=0.709 AUC=0.791 | Test acc=0.696 AUC=0.780
[2025-10-10 23:10:36,479] INFO: === Subject 13 → aad_baseline_1s/s13 ===
[2025-10-10 23:10:38,524] INFO: S13 Ep01 | train 0.6752 acc=0.598 | val 0.6773 acc=0.589 | 1.6s
[2025-10-10 23:10:40,196] INFO: S13 Ep02 | train 0.6622 acc=0.616 | val 0.6747 acc=0.581 | 1.7s
[2025-10-10 23:10:41,776] INFO: S13 Ep03 | train 0.6567 acc=0.616 | val 0.6796 acc=0.589 | 1.6s
[2025-10-10 23:10:43,386] INFO: S13 Ep04 | train 0.6387 acc=0.641 | val 0.6654 acc=0.594 | 1.6s
[2025-10-10 23:10:45,004] INFO: S13 Ep05 | train 0.6166 acc=0.657 | val 0.6896 acc=0.609 | 1.6s
[2025-10-10 23:10:46,601] INFO: S13 Ep06 | train 0.5813 acc=0.695 | val 0.7381 acc=0.616 | 1.6s
[2025-10-10 23:10:48,172] INFO: S13 Ep07 | train 0.5407 acc=0.723 | val 0.6446 acc=0.626 | 1.6s
[2025-10-10 23:10:49,800] INFO: S13 Ep08 | train 0.5119 acc=0.743 | val 0.6232 acc=0.670 | 1.6s
[2025-10-10 23:10:51,399] INFO: S13 Ep09 | train 0.4683 acc=0.767 | val 0.6820 acc=0.641 | 1.6s
[2025-10-10 23:10:53,001] INFO: S13 Ep10 | train 0.4412 acc=0.789 | val 0.6872 acc=0.633 | 1.6s
[2025-10-10 23:10:54,586] INFO: S13 Ep11 | train 0.3903 acc=0.819 | val 0.6934 acc=0.674 | 1.6s
[2025-10-10 23:10:55,844] INFO: S13 Ep12 | train 0.3498 acc=0.845 | val 0.7446 acc=0.660 | 1.3s
[2025-10-10 23:10:57,432] INFO: S13 Ep13 | train 0.3162 acc=0.860 | val 0.9028 acc=0.665 | 1.6s
[2025-10-10 23:10:58,858] INFO: S13 Ep14 | train 0.2723 acc=0.884 | val 1.0040 acc=0.665 | 1.4s
[2025-10-10 23:11:00,118] INFO: S13 Ep15 | train 0.2350 acc=0.902 | val 1.1172 acc=0.685 | 1.3s
[2025-10-10 23:11:01,369] INFO: S13 Ep16 | train 0.2152 acc=0.914 | val 1.2439 acc=0.678 | 1.3s
[2025-10-10 23:11:02,621] INFO: S13 Ep17 | train 0.1809 acc=0.931 | val 1.1756 acc=0.690 | 1.3s
[2025-10-10 23:11:03,875] INFO: S13 Ep18 | train 0.1617 acc=0.941 | val 1.7000 acc=0.671 | 1.3s
[2025-10-10 23:11:05,136] INFO: S13 Ep19 | train 0.1565 acc=0.944 | val 1.2092 acc=0.704 | 1.3s
[2025-10-10 23:11:06,757] INFO: S13 Ep20 | train 0.1359 acc=0.950 | val 1.1637 acc=0.698 | 1.6s
[2025-10-10 23:11:08,390] INFO: S13 Ep21 | train 0.1253 acc=0.959 | val 1.7546 acc=0.696 | 1.6s
[2025-10-10 23:11:09,983] INFO: S13 Ep22 | train 0.1328 acc=0.962 | val 1.6202 acc=0.698 | 1.6s
[2025-10-10 23:11:11,619] INFO: S13 Ep23 | train 0.1047 acc=0.965 | val 1.8643 acc=0.701 | 1.6s
[2025-10-10 23:11:13,211] INFO: S13 Ep24 | train 0.1084 acc=0.968 | val 2.1133 acc=0.712 | 1.6s
[2025-10-10 23:11:14,794] INFO: S13 Ep25 | train 0.0875 acc=0.973 | val 2.6521 acc=0.715 | 1.6s
[2025-10-10 23:11:16,409] INFO: S13 Ep26 | train 0.0922 acc=0.974 | val 2.8159 acc=0.705 | 1.6s
[2025-10-10 23:11:17,978] INFO: S13 Ep27 | train 0.0872 acc=0.978 | val 2.2240 acc=0.713 | 1.6s
[2025-10-10 23:11:19,610] INFO: S13 Ep28 | train 0.1012 acc=0.973 | val 2.0683 acc=0.726 | 1.6s
[2025-10-10 23:11:21,125] INFO: S13 Ep29 | train 0.0747 acc=0.979 | val 2.4484 acc=0.702 | 1.5s
[2025-10-10 23:11:22,559] INFO: S13 Ep30 | train 0.0747 acc=0.980 | val 2.7253 acc=0.712 | 1.4s
[2025-10-10 23:11:24,126] INFO: S13 Ep31 | train 0.0827 acc=0.979 | val 2.6116 acc=0.712 | 1.6s
[2025-10-10 23:11:25,745] INFO: S13 Ep32 | train 0.0676 acc=0.982 | val 2.5773 acc=0.712 | 1.6s
[2025-10-10 23:11:27,340] INFO: S13 Ep33 | train 0.0697 acc=0.983 | val 2.5251 acc=0.726 | 1.6s
[2025-10-10 23:11:28,917] INFO: S13 Ep34 | train 0.0643 acc=0.982 | val 2.8155 acc=0.710 | 1.6s
[2025-10-10 23:11:30,515] INFO: S13 Ep35 | train 0.0601 acc=0.987 | val 2.5613 acc=0.725 | 1.6s
[2025-10-10 23:11:32,120] INFO: S13 Ep36 | train 0.0520 acc=0.985 | val 3.1766 acc=0.724 | 1.6s
[2025-10-10 23:11:33,740] INFO: S13 Ep37 | train 0.0629 acc=0.986 | val 2.9570 acc=0.725 | 1.6s
[2025-10-10 23:11:35,343] INFO: S13 Ep38 | train 0.0567 acc=0.985 | val 2.7126 acc=0.724 | 1.6s
[2025-10-10 23:11:35,344] INFO: S13 Early stopping at epoch 38 (best val 0.6232)
[2025-10-10 23:11:35,568] INFO: S13 Final: Val acc=0.670 AUC=0.701 | Test acc=0.674 AUC=0.727
[2025-10-10 23:11:35,813] INFO: S13: Val acc=0.670 AUC=0.701 | Test acc=0.674 AUC=0.727
[2025-10-10 23:11:35,814] INFO: === Subject 14 → aad_baseline_1s/s14 ===
[2025-10-10 23:11:37,693] INFO: S14 Ep01 | train 0.6718 acc=0.579 | val 0.6522 acc=0.624 | 1.5s
[2025-10-10 23:11:38,954] INFO: S14 Ep02 | train 0.6614 acc=0.616 | val 0.6464 acc=0.624 | 1.3s
[2025-10-10 23:11:40,216] INFO: S14 Ep03 | train 0.6553 acc=0.621 | val 0.6481 acc=0.629 | 1.3s
[2025-10-10 23:11:41,538] INFO: S14 Ep04 | train 0.6471 acc=0.629 | val 0.6469 acc=0.646 | 1.3s
[2025-10-10 23:11:42,912] INFO: S14 Ep05 | train 0.6337 acc=0.649 | val 0.6207 acc=0.665 | 1.4s
[2025-10-10 23:11:44,176] INFO: S14 Ep06 | train 0.6196 acc=0.660 | val 0.6078 acc=0.701 | 1.3s
[2025-10-10 23:11:45,502] INFO: S14 Ep07 | train 0.5905 acc=0.685 | val 0.5962 acc=0.658 | 1.3s
[2025-10-10 23:11:46,785] INFO: S14 Ep08 | train 0.5680 acc=0.708 | val 0.6306 acc=0.664 | 1.3s
[2025-10-10 23:11:48,379] INFO: S14 Ep09 | train 0.5282 acc=0.735 | val 0.6187 acc=0.689 | 1.6s
[2025-10-10 23:11:50,019] INFO: S14 Ep10 | train 0.4909 acc=0.763 | val 0.6014 acc=0.687 | 1.6s
[2025-10-10 23:11:51,599] INFO: S14 Ep11 | train 0.4332 acc=0.797 | val 0.5983 acc=0.703 | 1.6s
[2025-10-10 23:11:53,195] INFO: S14 Ep12 | train 0.3804 acc=0.828 | val 0.6161 acc=0.725 | 1.6s
[2025-10-10 23:11:54,795] INFO: S14 Ep13 | train 0.3410 acc=0.855 | val 0.6020 acc=0.737 | 1.6s
[2025-10-10 23:11:56,380] INFO: S14 Ep14 | train 0.2815 acc=0.880 | val 0.6675 acc=0.725 | 1.6s
[2025-10-10 23:11:58,002] INFO: S14 Ep15 | train 0.2530 acc=0.894 | val 0.9167 acc=0.687 | 1.6s
[2025-10-10 23:11:59,635] INFO: S14 Ep16 | train 0.2102 acc=0.924 | val 0.9719 acc=0.704 | 1.6s
[2025-10-10 23:12:01,133] INFO: S14 Ep17 | train 0.1948 acc=0.926 | val 1.0482 acc=0.723 | 1.5s
[2025-10-10 23:12:02,388] INFO: S14 Ep18 | train 0.1710 acc=0.938 | val 1.0142 acc=0.701 | 1.3s
[2025-10-10 23:12:03,649] INFO: S14 Ep19 | train 0.1460 acc=0.948 | val 1.0684 acc=0.720 | 1.3s
[2025-10-10 23:12:05,193] INFO: S14 Ep20 | train 0.1324 acc=0.955 | val 1.2603 acc=0.725 | 1.5s
[2025-10-10 23:12:06,650] INFO: S14 Ep21 | train 0.1127 acc=0.960 | val 1.5269 acc=0.744 | 1.5s
[2025-10-10 23:12:08,236] INFO: S14 Ep22 | train 0.1131 acc=0.964 | val 1.5169 acc=0.736 | 1.6s
[2025-10-10 23:12:09,664] INFO: S14 Ep23 | train 0.1112 acc=0.967 | val 1.4357 acc=0.756 | 1.4s
[2025-10-10 23:12:10,933] INFO: S14 Ep24 | train 0.1049 acc=0.970 | val 1.9565 acc=0.748 | 1.3s
[2025-10-10 23:12:12,550] INFO: S14 Ep25 | train 0.0982 acc=0.974 | val 1.8815 acc=0.731 | 1.6s
[2025-10-10 23:12:13,986] INFO: S14 Ep26 | train 0.0839 acc=0.975 | val 1.9078 acc=0.736 | 1.4s
[2025-10-10 23:12:15,241] INFO: S14 Ep27 | train 0.0967 acc=0.976 | val 1.7677 acc=0.761 | 1.3s
[2025-10-10 23:12:16,492] INFO: S14 Ep28 | train 0.0838 acc=0.977 | val 2.1044 acc=0.733 | 1.3s
[2025-10-10 23:12:17,762] INFO: S14 Ep29 | train 0.0842 acc=0.979 | val 2.2740 acc=0.725 | 1.3s
[2025-10-10 23:12:19,017] INFO: S14 Ep30 | train 0.0822 acc=0.977 | val 1.9125 acc=0.733 | 1.3s
[2025-10-10 23:12:20,273] INFO: S14 Ep31 | train 0.0621 acc=0.982 | val 2.0590 acc=0.758 | 1.3s
[2025-10-10 23:12:21,536] INFO: S14 Ep32 | train 0.0527 acc=0.986 | val 2.3287 acc=0.764 | 1.3s
[2025-10-10 23:12:22,886] INFO: S14 Ep33 | train 0.0831 acc=0.981 | val 2.1717 acc=0.762 | 1.3s
[2025-10-10 23:12:24,240] INFO: S14 Ep34 | train 0.0677 acc=0.985 | val 2.5479 acc=0.731 | 1.3s
[2025-10-10 23:12:25,508] INFO: S14 Ep35 | train 0.0616 acc=0.984 | val 2.2696 acc=0.764 | 1.3s
[2025-10-10 23:12:26,762] INFO: S14 Ep36 | train 0.0666 acc=0.985 | val 2.0104 acc=0.771 | 1.3s
[2025-10-10 23:12:28,041] INFO: S14 Ep37 | train 0.0563 acc=0.987 | val 2.3137 acc=0.767 | 1.3s
[2025-10-10 23:12:28,048] INFO: S14 Early stopping at epoch 37 (best val 0.5962)
[2025-10-10 23:12:28,266] INFO: S14 Final: Val acc=0.658 AUC=0.702 | Test acc=0.659 AUC=0.678
[2025-10-10 23:12:28,499] INFO: S14: Val acc=0.658 AUC=0.702 | Test acc=0.659 AUC=0.678
[2025-10-10 23:12:28,499] INFO: === Subject 15 → aad_baseline_1s/s15 ===
[2025-10-10 23:12:30,197] INFO: S15 Ep01 | train 0.6918 acc=0.528 | val 0.6878 acc=0.548 | 1.3s
[2025-10-10 23:12:31,458] INFO: S15 Ep02 | train 0.6850 acc=0.554 | val 0.6977 acc=0.527 | 1.3s
[2025-10-10 23:12:32,721] INFO: S15 Ep03 | train 0.6776 acc=0.581 | val 0.6748 acc=0.594 | 1.3s
[2025-10-10 23:12:34,125] INFO: S15 Ep04 | train 0.6632 acc=0.601 | val 0.6726 acc=0.585 | 1.4s
[2025-10-10 23:12:35,609] INFO: S15 Ep05 | train 0.6432 acc=0.624 | val 0.6531 acc=0.622 | 1.5s
[2025-10-10 23:12:37,076] INFO: S15 Ep06 | train 0.6212 acc=0.654 | val 0.7352 acc=0.547 | 1.5s
[2025-10-10 23:12:38,612] INFO: S15 Ep07 | train 0.5899 acc=0.678 | val 0.6616 acc=0.623 | 1.5s
[2025-10-10 23:12:39,983] INFO: S15 Ep08 | train 0.5534 acc=0.713 | val 0.6720 acc=0.627 | 1.4s
[2025-10-10 23:12:41,233] INFO: S15 Ep09 | train 0.5112 acc=0.746 | val 0.6634 acc=0.636 | 1.3s
[2025-10-10 23:12:42,522] INFO: S15 Ep10 | train 0.4638 acc=0.775 | val 0.7430 acc=0.625 | 1.3s
[2025-10-10 23:12:43,795] INFO: S15 Ep11 | train 0.4091 acc=0.808 | val 0.8414 acc=0.665 | 1.3s
[2025-10-10 23:12:45,047] INFO: S15 Ep12 | train 0.3674 acc=0.832 | val 0.7995 acc=0.661 | 1.3s
[2025-10-10 23:12:46,393] INFO: S15 Ep13 | train 0.3145 acc=0.864 | val 0.9335 acc=0.661 | 1.3s
[2025-10-10 23:12:47,860] INFO: S15 Ep14 | train 0.2571 acc=0.894 | val 1.1319 acc=0.660 | 1.5s
[2025-10-10 23:12:49,183] INFO: S15 Ep15 | train 0.2357 acc=0.903 | val 0.9379 acc=0.687 | 1.3s
[2025-10-10 23:12:50,440] INFO: S15 Ep16 | train 0.1975 acc=0.921 | val 1.1119 acc=0.684 | 1.3s
[2025-10-10 23:12:51,772] INFO: S15 Ep17 | train 0.1724 acc=0.934 | val 1.2801 acc=0.674 | 1.3s
[2025-10-10 23:12:53,052] INFO: S15 Ep18 | train 0.1610 acc=0.941 | val 1.6020 acc=0.688 | 1.3s
[2025-10-10 23:12:54,312] INFO: S15 Ep19 | train 0.1498 acc=0.950 | val 1.5497 acc=0.672 | 1.3s
[2025-10-10 23:12:55,569] INFO: S15 Ep20 | train 0.1208 acc=0.961 | val 1.6951 acc=0.688 | 1.3s
[2025-10-10 23:12:56,824] INFO: S15 Ep21 | train 0.1074 acc=0.967 | val 1.9967 acc=0.688 | 1.3s
[2025-10-10 23:12:58,104] INFO: S15 Ep22 | train 0.1268 acc=0.964 | val 1.9582 acc=0.696 | 1.3s
[2025-10-10 23:12:59,360] INFO: S15 Ep23 | train 0.1029 acc=0.970 | val 2.7846 acc=0.690 | 1.3s
[2025-10-10 23:13:00,694] INFO: S15 Ep24 | train 0.1129 acc=0.971 | val 2.1773 acc=0.699 | 1.3s
[2025-10-10 23:13:01,956] INFO: S15 Ep25 | train 0.1164 acc=0.967 | val 2.3312 acc=0.703 | 1.3s
[2025-10-10 23:13:03,283] INFO: S15 Ep26 | train 0.0836 acc=0.977 | val 2.4132 acc=0.702 | 1.3s
[2025-10-10 23:13:04,550] INFO: S15 Ep27 | train 0.0883 acc=0.975 | val 2.6943 acc=0.706 | 1.3s
[2025-10-10 23:13:05,810] INFO: S15 Ep28 | train 0.0933 acc=0.976 | val 2.6465 acc=0.694 | 1.3s
[2025-10-10 23:13:07,130] INFO: S15 Ep29 | train 0.0744 acc=0.982 | val 2.6332 acc=0.709 | 1.3s
[2025-10-10 23:13:08,576] INFO: S15 Ep30 | train 0.1005 acc=0.978 | val 3.0083 acc=0.722 | 1.4s
[2025-10-10 23:13:09,834] INFO: S15 Ep31 | train 0.0827 acc=0.979 | val 2.9849 acc=0.716 | 1.3s
[2025-10-10 23:13:11,085] INFO: S15 Ep32 | train 0.0740 acc=0.983 | val 2.8167 acc=0.704 | 1.3s
[2025-10-10 23:13:12,351] INFO: S15 Ep33 | train 0.0840 acc=0.978 | val 2.4166 acc=0.728 | 1.3s
[2025-10-10 23:13:13,664] INFO: S15 Ep34 | train 0.0773 acc=0.979 | val 2.7432 acc=0.693 | 1.3s
[2025-10-10 23:13:14,960] INFO: S15 Ep35 | train 0.0453 acc=0.990 | val 3.0453 acc=0.711 | 1.3s
[2025-10-10 23:13:14,960] INFO: S15 Early stopping at epoch 35 (best val 0.6531)
[2025-10-10 23:13:15,182] INFO: S15 Final: Val acc=0.622 AUC=0.650 | Test acc=0.638 AUC=0.673
[2025-10-10 23:13:15,407] INFO: S15: Val acc=0.622 AUC=0.650 | Test acc=0.638 AUC=0.673
[2025-10-10 23:13:15,407] INFO: === Subject 16 → aad_baseline_1s/s16 ===
[2025-10-10 23:13:17,483] INFO: S16 Ep01 | train 0.6738 acc=0.608 | val 0.6585 acc=0.627 | 1.6s
[2025-10-10 23:13:19,135] INFO: S16 Ep02 | train 0.6672 acc=0.609 | val 0.6639 acc=0.623 | 1.6s
[2025-10-10 23:13:20,728] INFO: S16 Ep03 | train 0.6540 acc=0.620 | val 0.6526 acc=0.635 | 1.6s
[2025-10-10 23:13:22,225] INFO: S16 Ep04 | train 0.6408 acc=0.636 | val 0.6572 acc=0.616 | 1.5s
[2025-10-10 23:13:23,656] INFO: S16 Ep05 | train 0.6278 acc=0.650 | val 0.6705 acc=0.638 | 1.4s
[2025-10-10 23:13:25,317] INFO: S16 Ep06 | train 0.6008 acc=0.679 | val 0.6630 acc=0.649 | 1.7s
[2025-10-10 23:13:26,918] INFO: S16 Ep07 | train 0.5578 acc=0.712 | val 0.7000 acc=0.603 | 1.6s
[2025-10-10 23:13:28,530] INFO: S16 Ep08 | train 0.5215 acc=0.743 | val 0.6799 acc=0.645 | 1.6s
[2025-10-10 23:13:30,134] INFO: S16 Ep09 | train 0.4775 acc=0.777 | val 0.6794 acc=0.661 | 1.6s
[2025-10-10 23:13:31,762] INFO: S16 Ep10 | train 0.4267 acc=0.802 | val 0.6668 acc=0.667 | 1.6s
[2025-10-10 23:13:33,414] INFO: S16 Ep11 | train 0.3616 acc=0.843 | val 0.7016 acc=0.678 | 1.7s
[2025-10-10 23:13:34,795] INFO: S16 Ep12 | train 0.3026 acc=0.876 | val 0.7624 acc=0.703 | 1.4s
[2025-10-10 23:13:36,047] INFO: S16 Ep13 | train 0.2653 acc=0.891 | val 0.7475 acc=0.720 | 1.3s
[2025-10-10 23:13:37,306] INFO: S16 Ep14 | train 0.2082 acc=0.917 | val 1.0444 acc=0.710 | 1.3s
[2025-10-10 23:13:38,584] INFO: S16 Ep15 | train 0.1898 acc=0.929 | val 1.0713 acc=0.718 | 1.3s
[2025-10-10 23:13:39,845] INFO: S16 Ep16 | train 0.1590 acc=0.941 | val 1.1563 acc=0.715 | 1.3s
[2025-10-10 23:13:41,108] INFO: S16 Ep17 | train 0.1348 acc=0.951 | val 1.4777 acc=0.736 | 1.3s
[2025-10-10 23:13:42,370] INFO: S16 Ep18 | train 0.1236 acc=0.960 | val 1.5671 acc=0.722 | 1.3s
[2025-10-10 23:13:43,645] INFO: S16 Ep19 | train 0.1080 acc=0.966 | val 1.6481 acc=0.714 | 1.3s
[2025-10-10 23:13:44,908] INFO: S16 Ep20 | train 0.1177 acc=0.966 | val 1.6948 acc=0.753 | 1.3s
[2025-10-10 23:13:46,191] INFO: S16 Ep21 | train 0.0875 acc=0.972 | val 1.9526 acc=0.739 | 1.3s
[2025-10-10 23:13:47,486] INFO: S16 Ep22 | train 0.0981 acc=0.973 | val 2.2166 acc=0.725 | 1.3s
[2025-10-10 23:13:48,765] INFO: S16 Ep23 | train 0.0830 acc=0.978 | val 2.0286 acc=0.715 | 1.3s
[2025-10-10 23:13:50,048] INFO: S16 Ep24 | train 0.0607 acc=0.982 | val 2.4011 acc=0.752 | 1.3s
[2025-10-10 23:13:51,317] INFO: S16 Ep25 | train 0.0911 acc=0.976 | val 1.8290 acc=0.735 | 1.3s
[2025-10-10 23:13:52,576] INFO: S16 Ep26 | train 0.0721 acc=0.980 | val 2.1667 acc=0.749 | 1.3s
[2025-10-10 23:13:53,851] INFO: S16 Ep27 | train 0.0817 acc=0.979 | val 2.4867 acc=0.730 | 1.3s
[2025-10-10 23:13:55,115] INFO: S16 Ep28 | train 0.0629 acc=0.982 | val 2.3637 acc=0.736 | 1.3s
[2025-10-10 23:13:56,381] INFO: S16 Ep29 | train 0.0698 acc=0.984 | val 2.0321 acc=0.742 | 1.3s
[2025-10-10 23:13:57,808] INFO: S16 Ep30 | train 0.0738 acc=0.985 | val 2.1941 acc=0.741 | 1.4s
[2025-10-10 23:13:59,446] INFO: S16 Ep31 | train 0.0667 acc=0.983 | val 2.4735 acc=0.710 | 1.6s
[2025-10-10 23:14:01,060] INFO: S16 Ep32 | train 0.0352 acc=0.989 | val 2.6136 acc=0.718 | 1.6s
[2025-10-10 23:14:02,651] INFO: S16 Ep33 | train 0.0608 acc=0.986 | val 2.3818 acc=0.738 | 1.6s
[2025-10-10 23:14:02,651] INFO: S16 Early stopping at epoch 33 (best val 0.6526)
[2025-10-10 23:14:02,872] INFO: S16 Final: Val acc=0.635 AUC=0.589 | Test acc=0.637 AUC=0.624
[2025-10-10 23:14:03,091] INFO: S16: Val acc=0.635 AUC=0.589 | Test acc=0.637 AUC=0.624
[2025-10-10 23:14:03,091] INFO: === Subject 17 → aad_baseline_1s/s17 ===
